[    0.000000] Initializing cgroup subsys cpuset
[    0.000000] Initializing cgroup subsys cpu
[    0.000000] Linux version 3.6.11-4.fc16.x86_64 (mockbuild@bkernel02) (gcc version 4.6.3 20120306 (Red Hat 4.6.3-2) (GCC) ) #1 SMP Tue Jan 8 20:57:42 UTC 2013
[    0.000000] Command line: BOOT_IMAGE=/vmlinuz-3.6.11-4.fc16.x86_64 root=/dev/mapper/VolGroup-lv_root ro rd.md=0 rd.dm=0 rd.lvm.lv=VolGroup/lv_swap KEYTABLE=us quiet SYSFONT=latarcyrheb-sun16 rhgb rd.lvm.lv=VolGroup/lv_root rd.luks=0 LANG=en_US.UTF-8
[    0.000000] Disabled fast string operations
[    0.000000] e820: BIOS-provided physical RAM map:
[    0.000000] BIOS-e820: [mem 0x0000000000000000-0x000000000009d7ff] usable
[    0.000000] BIOS-e820: [mem 0x000000000009d800-0x000000000009ffff] reserved
[    0.000000] BIOS-e820: [mem 0x00000000000e0000-0x00000000000fffff] reserved
[    0.000000] BIOS-e820: [mem 0x0000000000100000-0x000000001fffffff] usable
[    0.000000] BIOS-e820: [mem 0x0000000020000000-0x00000000201fffff] reserved
[    0.000000] BIOS-e820: [mem 0x0000000020200000-0x000000003fffffff] usable
[    0.000000] BIOS-e820: [mem 0x0000000040000000-0x00000000401fffff] reserved
[    0.000000] BIOS-e820: [mem 0x0000000040200000-0x00000000da99efff] usable
[    0.000000] BIOS-e820: [mem 0x00000000da99f000-0x00000000dae9efff] reserved
[    0.000000] BIOS-e820: [mem 0x00000000dae9f000-0x00000000daf9efff] ACPI NVS
[    0.000000] BIOS-e820: [mem 0x00000000daf9f000-0x00000000daffefff] ACPI data
[    0.000000] BIOS-e820: [mem 0x00000000dafff000-0x00000000daffffff] usable
[    0.000000] BIOS-e820: [mem 0x00000000db000000-0x00000000df9fffff] reserved
[    0.000000] BIOS-e820: [mem 0x00000000f8000000-0x00000000fbffffff] reserved
[    0.000000] BIOS-e820: [mem 0x00000000fec00000-0x00000000fec00fff] reserved
[    0.000000] BIOS-e820: [mem 0x00000000fed08000-0x00000000fed08fff] reserved
[    0.000000] BIOS-e820: [mem 0x00000000fed10000-0x00000000fed19fff] reserved
[    0.000000] BIOS-e820: [mem 0x00000000fed1c000-0x00000000fed1ffff] reserved
[    0.000000] BIOS-e820: [mem 0x00000000fee00000-0x00000000fee00fff] reserved
[    0.000000] BIOS-e820: [mem 0x00000000ffd20000-0x00000000ffffffff] reserved
[    0.000000] BIOS-e820: [mem 0x0000000100000000-0x000000011e5fffff] usable
[    0.000000] NX (Execute Disable) protection: active
[    0.000000] DMI 2.6 present.
[    0.000000] DMI: LENOVO 42912XC/42912XC, BIOS 8DET58WW (1.28 ) 02/14/2012
[    0.000000] e820: update [mem 0x00000000-0x0000ffff] usable ==> reserved
[    0.000000] e820: remove [mem 0x000a0000-0x000fffff] usable
[    0.000000] No AGP bridge found
[    0.000000] e820: last_pfn = 0x11e600 max_arch_pfn = 0x400000000
[    0.000000] MTRR default type: uncachable
[    0.000000] MTRR fixed ranges enabled:
[    0.000000]   00000-9FFFF write-back
[    0.000000]   A0000-BFFFF uncachable
[    0.000000]   C0000-FFFFF write-protect
[    0.000000] MTRR variable ranges enabled:
[    0.000000]   0 base 0FFC00000 mask FFFC00000 write-protect
[    0.000000]   1 base 000000000 mask F80000000 write-back
[    0.000000]   2 base 080000000 mask FC0000000 write-back
[    0.000000]   3 base 0C0000000 mask FE0000000 write-back
[    0.000000]   4 base 0DC000000 mask FFC000000 uncachable
[    0.000000]   5 base 0DB000000 mask FFF000000 uncachable
[    0.000000]   6 base 100000000 mask FE0000000 write-back
[    0.000000]   7 base 11F000000 mask FFF000000 uncachable
[    0.000000]   8 base 11E800000 mask FFF800000 uncachable
[    0.000000]   9 base 11E600000 mask FFFE00000 uncachable
[    0.000000] x86 PAT enabled: cpu 0, old 0x7040600070406, new 0x7010600070106
[    0.000000] e820: last_pfn = 0xdb000 max_arch_pfn = 0x400000000
[    0.000000] initial memory mapped: [mem 0x00000000-0x1fffffff]
[    0.000000] Base memory trampoline at [ffff880000097000] 97000 size 24576
[    0.000000] init_memory_mapping: [mem 0x00000000-0xdaffffff]
[    0.000000]  [mem 0x00000000-0xdaffffff] page 2M
[    0.000000] kernel direct mapping tables up to 0xdaffffff @ [mem 0x1fffb000-0x1fffffff]
[    0.000000] init_memory_mapping: [mem 0x100000000-0x11e5fffff]
[    0.000000]  [mem 0x100000000-0x11e5fffff] page 2M
[    0.000000] kernel direct mapping tables up to 0x11e5fffff @ [mem 0xda99d000-0xda99efff]
[    0.000000] RAMDISK: [mem 0x35c4a000-0x36e1cfff]
[    0.000000] ACPI: RSDP 00000000000f00e0 00024 (v02 LENOVO)
[    0.000000] ACPI: XSDT 00000000daffe120 000AC (v01 LENOVO TP-8D    00001280 PTEC 00000002)
[    0.000000] ACPI: FACP 00000000dafe7000 000F4 (v04 LENOVO TP-8D    00001280 PTL  00000002)
[    0.000000] ACPI: DSDT 00000000dafea000 0F6D8 (v01 LENOVO TP-8D    00001280 INTL 20061109)
[    0.000000] ACPI: FACS 00000000daf2d000 00040
[    0.000000] ACPI: SLIC 00000000daffd000 00176 (v01 LENOVO TP-8D    00001280 PTEC 00000001)
[    0.000000] ACPI: SSDT 00000000daffc000 00249 (v01 LENOVO TP-SSDT2 00000200 INTL 20061109)
[    0.000000] ACPI: SSDT 00000000daffb000 00033 (v01 LENOVO TP-SSDT1 00000100 INTL 20061109)
[    0.000000] ACPI: SSDT 00000000daffa000 007D1 (v01 LENOVO SataAhci 00001000 INTL 20061109)
[    0.000000] ACPI: HPET 00000000dafe6000 00038 (v01 LENOVO TP-8D    00001280 PTL  00000002)
[    0.000000] ACPI: APIC 00000000dafe5000 00098 (v01 LENOVO TP-8D    00001280 PTL  00000002)
[    0.000000] ACPI: MCFG 00000000dafe4000 0003C (v01 LENOVO TP-8D    00001280 PTL  00000002)
[    0.000000] ACPI: ECDT 00000000dafe3000 00052 (v01 LENOVO TP-8D    00001280 PTL  00000002)
[    0.000000] ACPI: ASF! 00000000dafe9000 000A5 (v32 LENOVO TP-8D    00001280 PTL  00000002)
[    0.000000] ACPI: TCPA 00000000dafe2000 00032 (v02    PTL   LENOVO 06040000 LNVO 00000001)
[    0.000000] ACPI: SSDT 00000000dafe1000 00A69 (v01  PmRef  Cpu0Ist 00003000 INTL 20061109)
[    0.000000] ACPI: SSDT 00000000dafe0000 00996 (v01  PmRef    CpuPm 00003000 INTL 20061109)
[    0.000000] ACPI: DMAR 00000000dafdf000 000E8 (v01 INTEL      SNB  00000001 INTL 00000001)
[    0.000000] ACPI: UEFI 00000000dafde000 0003E (v01 LENOVO TP-8D    00001280 PTL  00000002)
[    0.000000] ACPI: UEFI 00000000dafdd000 00042 (v01 PTL      COMBUF 00000001 PTL  00000001)
[    0.000000] ACPI: UEFI 00000000dafdc000 00292 (v01 LENOVO TP-8D    00001280 PTL  00000002)
[    0.000000] ACPI: Local APIC address 0xfee00000
[    0.000000] No NUMA configuration found
[    0.000000] Faking a node at [mem 0x0000000000000000-0x000000011e5fffff]
[    0.000000] Initmem setup node 0 [mem 0x00000000-0x11e5fffff]
[    0.000000]   NODE_DATA [mem 0x11e5ec000-0x11e5fffff]
[    0.000000]  [ffffea0000000000-ffffea00047fffff] PMD -> [ffff880119c00000-ffff88011dbfffff] on node 0
[    0.000000] Zone ranges:
[    0.000000]   DMA      [mem 0x00010000-0x00ffffff]
[    0.000000]   DMA32    [mem 0x01000000-0xffffffff]
[    0.000000]   Normal   [mem 0x100000000-0x11e5fffff]
[    0.000000] Movable zone start for each node
[    0.000000] Early memory node ranges
[    0.000000]   node   0: [mem 0x00010000-0x0009cfff]
[    0.000000]   node   0: [mem 0x00100000-0x1fffffff]
[    0.000000]   node   0: [mem 0x20200000-0x3fffffff]
[    0.000000]   node   0: [mem 0x40200000-0xda99efff]
[    0.000000]   node   0: [mem 0xdafff000-0xdaffffff]
[    0.000000]   node   0: [mem 0x100000000-0x11e5fffff]
[    0.000000] On node 0 totalpages: 1018669
[    0.000000]   DMA zone: 64 pages used for memmap
[    0.000000]   DMA zone: 6 pages reserved
[    0.000000]   DMA zone: 3911 pages, LIFO batch:0
[    0.000000]   DMA32 zone: 16320 pages used for memmap
[    0.000000]   DMA32 zone: 873952 pages, LIFO batch:31
[    0.000000]   Normal zone: 1944 pages used for memmap
[    0.000000]   Normal zone: 122472 pages, LIFO batch:31
[    0.000000] ACPI: PM-Timer IO Port: 0x408
[    0.000000] ACPI: Local APIC address 0xfee00000
[    0.000000] ACPI: LAPIC (acpi_id[0x01] lapic_id[0x00] enabled)
[    0.000000] ACPI: LAPIC (acpi_id[0x02] lapic_id[0x01] enabled)
[    0.000000] ACPI: LAPIC (acpi_id[0x03] lapic_id[0x02] enabled)
[    0.000000] ACPI: LAPIC (acpi_id[0x04] lapic_id[0x03] enabled)
[    0.000000] ACPI: LAPIC (acpi_id[0x05] lapic_id[0x00] disabled)
[    0.000000] ACPI: LAPIC (acpi_id[0x06] lapic_id[0x00] disabled)
[    0.000000] ACPI: LAPIC (acpi_id[0x07] lapic_id[0x00] disabled)
[    0.000000] ACPI: LAPIC (acpi_id[0x08] lapic_id[0x00] disabled)
[    0.000000] ACPI: LAPIC_NMI (acpi_id[0x00] high edge lint[0x1])
[    0.000000] ACPI: LAPIC_NMI (acpi_id[0x01] high edge lint[0x1])
[    0.000000] ACPI: IOAPIC (id[0x02] address[0xfec00000] gsi_base[0])
[    0.000000] IOAPIC[0]: apic_id 2, version 32, address 0xfec00000, GSI 0-23
[    0.000000] ACPI: INT_SRC_OVR (bus 0 bus_irq 0 global_irq 2 dfl dfl)
[    0.000000] ACPI: INT_SRC_OVR (bus 0 bus_irq 9 global_irq 9 high level)
[    0.000000] ACPI: IRQ0 used by override.
[    0.000000] ACPI: IRQ2 used by override.
[    0.000000] ACPI: IRQ9 used by override.
[    0.000000] Using ACPI (MADT) for SMP configuration information
[    0.000000] ACPI: HPET id: 0x8086a301 base: 0xfed00000
[    0.000000] smpboot: Allowing 8 CPUs, 4 hotplug CPUs
[    0.000000] nr_irqs_gsi: 40
[    0.000000] PM: Registered nosave memory: 000000000009d000 - 000000000009e000
[    0.000000] PM: Registered nosave memory: 000000000009e000 - 00000000000a0000
[    0.000000] PM: Registered nosave memory: 00000000000a0000 - 00000000000e0000
[    0.000000] PM: Registered nosave memory: 00000000000e0000 - 0000000000100000
[    0.000000] PM: Registered nosave memory: 0000000020000000 - 0000000020200000
[    0.000000] PM: Registered nosave memory: 0000000040000000 - 0000000040200000
[    0.000000] PM: Registered nosave memory: 00000000da99f000 - 00000000dae9f000
[    0.000000] PM: Registered nosave memory: 00000000dae9f000 - 00000000daf9f000
[    0.000000] PM: Registered nosave memory: 00000000daf9f000 - 00000000dafff000
[    0.000000] PM: Registered nosave memory: 00000000db000000 - 00000000dfa00000
[    0.000000] PM: Registered nosave memory: 00000000dfa00000 - 00000000f8000000
[    0.000000] PM: Registered nosave memory: 00000000f8000000 - 00000000fc000000
[    0.000000] PM: Registered nosave memory: 00000000fc000000 - 00000000fec00000
[    0.000000] PM: Registered nosave memory: 00000000fec00000 - 00000000fec01000
[    0.000000] PM: Registered nosave memory: 00000000fec01000 - 00000000fed08000
[    0.000000] PM: Registered nosave memory: 00000000fed08000 - 00000000fed09000
[    0.000000] PM: Registered nosave memory: 00000000fed09000 - 00000000fed10000
[    0.000000] PM: Registered nosave memory: 00000000fed10000 - 00000000fed1a000
[    0.000000] PM: Registered nosave memory: 00000000fed1a000 - 00000000fed1c000
[    0.000000] PM: Registered nosave memory: 00000000fed1c000 - 00000000fed20000
[    0.000000] PM: Registered nosave memory: 00000000fed20000 - 00000000fee00000
[    0.000000] PM: Registered nosave memory: 00000000fee00000 - 00000000fee01000
[    0.000000] PM: Registered nosave memory: 00000000fee01000 - 00000000ffd20000
[    0.000000] PM: Registered nosave memory: 00000000ffd20000 - 0000000100000000
[    0.000000] e820: [mem 0xdfa00000-0xf7ffffff] available for PCI devices
[    0.000000] Booting paravirtualized kernel on bare hardware
[    0.000000] setup_percpu: NR_CPUS:256 nr_cpumask_bits:256 nr_cpu_ids:8 nr_node_ids:1
[    0.000000] PERCPU: Embedded 28 pages/cpu @ffff88011e200000 s84480 r8192 d22016 u262144
[    0.000000] pcpu-alloc: s84480 r8192 d22016 u262144 alloc=1*2097152
[    0.000000] pcpu-alloc: [0] 0 1 2 3 4 5 6 7 
[    0.000000] Built 1 zonelists in Node order, mobility grouping on.  Total pages: 1000335
[    0.000000] Policy zone: Normal
[    0.000000] Kernel command line: BOOT_IMAGE=/vmlinuz-3.6.11-4.fc16.x86_64 root=/dev/mapper/VolGroup-lv_root ro rd.md=0 rd.dm=0 rd.lvm.lv=VolGroup/lv_swap KEYTABLE=us quiet SYSFONT=latarcyrheb-sun16 rhgb rd.lvm.lv=VolGroup/lv_root rd.luks=0 LANG=en_US.UTF-8
[    0.000000] PID hash table entries: 4096 (order: 3, 32768 bytes)
[    0.000000] __ex_table already sorted, skipping sort
[    0.000000] xsave: enabled xstate_bv 0x7, cntxt size 0x340
[    0.000000] Checking aperture...
[    0.000000] No AGP bridge found
[    0.000000] Memory: 3907700k/4691968k available (6296k kernel code, 617292k absent, 166976k reserved, 6910k data, 1032k init)
[    0.000000] SLUB: Genslabs=15, HWalign=64, Order=0-3, MinObjects=0, CPUs=8, Nodes=1
[    0.000000] Hierarchical RCU implementation.
[    0.000000] 	RCU restricting CPUs from NR_CPUS=256 to nr_cpu_ids=8.
[    0.000000] NR_IRQS:16640 nr_irqs:744 16
[    0.000000] Extended CMOS year: 2000
[    0.000000] Console: colour VGA+ 80x25
[    0.000000] console [tty0] enabled
[    0.000000] allocated 16777216 bytes of page_cgroup
[    0.000000] please try 'cgroup_disable=memory' option if you don't want memory cgroups
[    0.000000] hpet clockevent registered
[    0.000000] tsc: Fast TSC calibration using PIT
[    0.001000] tsc: Detected 2591.530 MHz processor
[    0.000002] Calibrating delay loop (skipped), value calculated using timer frequency.. 5183.06 BogoMIPS (lpj=2591530)
[    0.000004] pid_max: default: 32768 minimum: 301
[    0.000027] Security Framework initialized
[    0.000035] SELinux:  Initializing.
[    0.000042] SELinux:  Starting in permissive mode
[    0.000355] Dentry cache hash table entries: 524288 (order: 10, 4194304 bytes)
[    0.001384] Inode-cache hash table entries: 262144 (order: 9, 2097152 bytes)
[    0.001838] Mount-cache hash table entries: 256
[    0.002011] Initializing cgroup subsys cpuacct
[    0.002013] Initializing cgroup subsys memory
[    0.002022] Initializing cgroup subsys devices
[    0.002024] Initializing cgroup subsys freezer
[    0.002025] Initializing cgroup subsys net_cls
[    0.002026] Initializing cgroup subsys blkio
[    0.002027] Initializing cgroup subsys perf_event
[    0.002049] Disabled fast string operations
[    0.002051] CPU: Physical Processor ID: 0
[    0.002052] CPU: Processor Core ID: 0
[    0.002056] ENERGY_PERF_BIAS: Set to 'normal', was 'performance'
[    0.002056] ENERGY_PERF_BIAS: View and update with x86_energy_perf_policy(8)
[    0.002058] mce: CPU supports 7 MCE banks
[    0.002068] CPU0: Thermal monitoring enabled (TM1)
[    0.002075] process: using mwait in idle threads
[    0.002078] Last level iTLB entries: 4KB 512, 2MB 0, 4MB 0
[    0.002078] Last level dTLB entries: 4KB 512, 2MB 32, 4MB 32
[    0.002078] tlb_flushall_shift is 0x5
[    0.003026] ACPI: Core revision 20120711
[    0.009585] ftrace: allocating 23346 entries in 92 pages
[    0.019585] dmar: Host address width 36
[    0.019588] dmar: DRHD base: 0x000000fed90000 flags: 0x0
[    0.019594] dmar: IOMMU 0: reg_base_addr fed90000 ver 1:0 cap c0000020e60262 ecap f0101a
[    0.019596] dmar: DRHD base: 0x000000fed91000 flags: 0x1
[    0.019599] dmar: IOMMU 1: reg_base_addr fed91000 ver 1:0 cap c9008020660262 ecap f0105a
[    0.019600] dmar: RMRR base: 0x000000dacd5000 end: 0x000000dacebfff
[    0.019602] dmar: RMRR base: 0x000000db800000 end: 0x000000df9fffff
[    0.019672] IOAPIC id 2 under DRHD base  0xfed91000 IOMMU 1
[    0.019673] HPET id 0 under DRHD base 0xfed91000
[    0.019674] HPET id 0 under DRHD base 0xfed91000
[    0.019674] HPET id 0 under DRHD base 0xfed91000
[    0.019675] HPET id 0 under DRHD base 0xfed91000
[    0.019676] HPET id 0 under DRHD base 0xfed91000
[    0.019676] HPET id 0 under DRHD base 0xfed91000
[    0.019677] HPET id 0 under DRHD base 0xfed91000
[    0.019678] HPET id 0 under DRHD base 0xfed91000
[    0.019996] Enabled IRQ remapping in x2apic mode
[    0.019997] Enabling x2apic
[    0.019998] Enabled x2apic
[    0.020015] Switched APIC routing to cluster x2apic.
[    0.020456] ..TIMER: vector=0x30 apic1=0 pin1=2 apic2=-1 pin2=-1
[    0.030455] smpboot: CPU0: Intel(R) Core(TM) i5-2540M CPU @ 2.60GHz stepping 07
[    0.131755] Performance Events: PEBS fmt1+, 16-deep LBR, SandyBridge events, Intel PMU driver.
[    0.131760] perf_event_intel: PEBS disabled due to CPU errata, please upgrade microcode
[    0.131762] ... version:                3
[    0.131762] ... bit width:              48
[    0.131763] ... generic registers:      4
[    0.131764] ... value mask:             0000ffffffffffff
[    0.131765] ... max period:             000000007fffffff
[    0.131765] ... fixed-purpose events:   3
[    0.131766] ... event mask:             000000070000000f
[    0.132349] NMI watchdog: enabled on all CPUs, permanently consumes one hw-PMU counter.
[    0.143478] Disabled fast string operations
[    0.156706] Disabled fast string operations
[    0.169923] Disabled fast string operations
[    0.132455] smpboot: Booting Node   0, Processors  #1 #2 #3
[    0.172077] Brought up 4 CPUs
[    0.172080] smpboot: Total of 4 processors activated (20732.24 BogoMIPS)
[    0.175157] devtmpfs: initialized
[    0.175331] PM: Registering ACPI NVS region [mem 0xdae9f000-0xdaf9efff] (1048576 bytes)
[    0.175893] atomic64 test passed for x86-64 platform with CX8 and with SSE
[    0.175919] RTC time:  1:42:21, date: 10/20/14
[    0.175951] NET: Registered protocol family 16
[    0.176085] ACPI FADT declares the system doesn't support PCIe ASPM, so disable it
[    0.176087] ACPI: bus type pci registered
[    0.176303] PCI: MMCONFIG for domain 0000 [bus 00-3f] at [mem 0xf8000000-0xfbffffff] (base 0xf8000000)
[    0.176305] PCI: MMCONFIG at [mem 0xf8000000-0xfbffffff] reserved in E820
[    0.182048] PCI: Using configuration type 1 for base access
[    0.182671] bio: create slab <bio-0> at 0
[    0.182728] ACPI: Added _OSI(Module Device)
[    0.182729] ACPI: Added _OSI(Processor Device)
[    0.182733] ACPI: Added _OSI(3.0 _SCP Extensions)
[    0.182734] ACPI: Added _OSI(Processor Aggregator Device)
[    0.184035] ACPI: EC: EC description table is found, configuring boot EC
[    0.187754] [Firmware Bug]: ACPI: BIOS _OSI(Linux) query ignored
[    0.199267] ACPI: SSDT 00000000dae8c018 008C0 (v01  PmRef  Cpu0Cst 00003001 INTL 20061109)
[    0.199596] ACPI: Dynamic OEM Table Load:
[    0.199598] ACPI: SSDT           (null) 008C0 (v01  PmRef  Cpu0Cst 00003001 INTL 20061109)
[    0.201993] ACPI: SSDT 00000000dae8da98 00303 (v01  PmRef    ApIst 00003000 INTL 20061109)
[    0.202343] ACPI: Dynamic OEM Table Load:
[    0.202344] ACPI: SSDT           (null) 00303 (v01  PmRef    ApIst 00003000 INTL 20061109)
[    0.204887] ACPI: SSDT 00000000dae8bd98 00119 (v01  PmRef    ApCst 00003000 INTL 20061109)
[    0.205211] ACPI: Dynamic OEM Table Load:
[    0.205212] ACPI: SSDT           (null) 00119 (v01  PmRef    ApCst 00003000 INTL 20061109)
[    0.208258] ACPI: Interpreter enabled
[    0.208261] ACPI: (supports S0 S3 S4 S5)
[    0.208274] ACPI: Using IOAPIC for interrupt routing
[    0.213156] ACPI: Power Resource [PUBS] (on)
[    0.215618] ACPI: EC: GPE = 0x11, I/O: command/status = 0x66, data = 0x62
[    0.216641] ACPI: ACPI Dock Station Driver: 3 docks/bays found
[    0.216645] PCI: Using host bridge windows from ACPI; if necessary, use "pci=nocrs" and report a bug
[    0.216734] ACPI: PCI Root Bridge [PCI0] (domain 0000 [bus 00-fe])
[    0.216759] pci_root PNP0A08:00: [Firmware Info]: MMCONFIG for domain 0000 [bus 00-3f] only partially covers this bridge
[    0.216780] PCI host bridge to bus 0000:00
[    0.216782] pci_bus 0000:00: busn_res: [bus 00-fe] is inserted under domain [bus 00-ff]
[    0.216784] pci_bus 0000:00: root bus resource [bus 00-fe]
[    0.216786] pci_bus 0000:00: root bus resource [io  0x0000-0x0cf7]
[    0.216787] pci_bus 0000:00: root bus resource [io  0x0d00-0xffff]
[    0.216788] pci_bus 0000:00: root bus resource [mem 0x000a0000-0x000bffff]
[    0.216790] pci_bus 0000:00: root bus resource [mem 0xdfa00000-0xfebfffff]
[    0.216791] pci_bus 0000:00: root bus resource [mem 0xfed40000-0xfed4bfff]
[    0.216798] pci 0000:00:00.0: [8086:0104] type 00 class 0x060000
[    0.216832] pci 0000:00:02.0: [8086:0126] type 00 class 0x030000
[    0.216840] pci 0000:00:02.0: reg 10: [mem 0xf0000000-0xf03fffff 64bit]
[    0.216846] pci 0000:00:02.0: reg 18: [mem 0xe0000000-0xefffffff 64bit pref]
[    0.216849] pci 0000:00:02.0: reg 20: [io  0x5000-0x503f]
[    0.216900] pci 0000:00:16.0: [8086:1c3a] type 00 class 0x078000
[    0.216923] pci 0000:00:16.0: reg 10: [mem 0xf2525000-0xf252500f 64bit]
[    0.216998] pci 0000:00:16.0: PME# supported from D0 D3hot D3cold
[    0.217022] pci 0000:00:16.3: [8086:1c3d] type 00 class 0x070002
[    0.217039] pci 0000:00:16.3: reg 10: [io  0x50b0-0x50b7]
[    0.217048] pci 0000:00:16.3: reg 14: [mem 0xf252c000-0xf252cfff]
[    0.217143] pci 0000:00:19.0: [8086:1502] type 00 class 0x020000
[    0.217161] pci 0000:00:19.0: reg 10: [mem 0xf2500000-0xf251ffff]
[    0.217169] pci 0000:00:19.0: reg 14: [mem 0xf252b000-0xf252bfff]
[    0.217177] pci 0000:00:19.0: reg 18: [io  0x5080-0x509f]
[    0.217239] pci 0000:00:19.0: PME# supported from D0 D3hot D3cold
[    0.217264] pci 0000:00:1a.0: [8086:1c2d] type 00 class 0x0c0320
[    0.217284] pci 0000:00:1a.0: reg 10: [mem 0xf252a000-0xf252a3ff]
[    0.217373] pci 0000:00:1a.0: PME# supported from D0 D3hot D3cold
[    0.217398] pci 0000:00:1b.0: [8086:1c20] type 00 class 0x040300
[    0.217413] pci 0000:00:1b.0: reg 10: [mem 0xf2520000-0xf2523fff 64bit]
[    0.217479] pci 0000:00:1b.0: PME# supported from D0 D3hot D3cold
[    0.217506] pci 0000:00:1c.0: [8086:1c10] type 01 class 0x060400
[    0.217635] pci 0000:00:1c.0: PME# supported from D0 D3hot D3cold
[    0.217674] pci 0000:00:1c.1: [8086:1c12] type 01 class 0x060400
[    0.217800] pci 0000:00:1c.1: PME# supported from D0 D3hot D3cold
[    0.217839] pci 0000:00:1c.3: [8086:1c16] type 01 class 0x060400
[    0.217967] pci 0000:00:1c.3: PME# supported from D0 D3hot D3cold
[    0.218004] pci 0000:00:1c.4: [8086:1c18] type 01 class 0x060400
[    0.218133] pci 0000:00:1c.4: PME# supported from D0 D3hot D3cold
[    0.218174] pci 0000:00:1d.0: [8086:1c26] type 00 class 0x0c0320
[    0.218194] pci 0000:00:1d.0: reg 10: [mem 0xf2529000-0xf25293ff]
[    0.218282] pci 0000:00:1d.0: PME# supported from D0 D3hot D3cold
[    0.218308] pci 0000:00:1f.0: [8086:1c4f] type 00 class 0x060100
[    0.218430] pci 0000:00:1f.2: [8086:1c03] type 00 class 0x010601
[    0.218448] pci 0000:00:1f.2: reg 10: [io  0x50a8-0x50af]
[    0.218456] pci 0000:00:1f.2: reg 14: [io  0x50bc-0x50bf]
[    0.218463] pci 0000:00:1f.2: reg 18: [io  0x50a0-0x50a7]
[    0.218470] pci 0000:00:1f.2: reg 1c: [io  0x50b8-0x50bb]
[    0.218478] pci 0000:00:1f.2: reg 20: [io  0x5060-0x507f]
[    0.218486] pci 0000:00:1f.2: reg 24: [mem 0xf2528000-0xf25287ff]
[    0.218529] pci 0000:00:1f.2: PME# supported from D3hot
[    0.218549] pci 0000:00:1f.3: [8086:1c22] type 00 class 0x0c0500
[    0.218564] pci 0000:00:1f.3: reg 10: [mem 0xf2524000-0xf25240ff 64bit]
[    0.218584] pci 0000:00:1f.3: reg 20: [io  0xefa0-0xefbf]
[    0.218679] pci_bus 0000:02: busn_res: [bus 02] is inserted under [bus 00-fe]
[    0.218682] pci 0000:00:1c.0: PCI bridge to [bus 02]
[    0.218765] pci_bus 0000:03: busn_res: [bus 03] is inserted under [bus 00-fe]
[    0.218929] pci 0000:03:00.0: [8086:0085] type 00 class 0x028000
[    0.219076] pci 0000:03:00.0: reg 10: [mem 0xf2400000-0xf2401fff 64bit]
[    0.219783] pci 0000:03:00.0: PME# supported from D0 D3hot D3cold
[    0.221870] pci 0000:00:1c.1: PCI bridge to [bus 03]
[    0.221879] pci 0000:00:1c.1:   bridge window [mem 0xf2400000-0xf24fffff]
[    0.221954] pci_bus 0000:05: busn_res: [bus 05-0c] is inserted under [bus 00-fe]
[    0.221957] pci 0000:00:1c.3: PCI bridge to [bus 05-0c]
[    0.221962] pci 0000:00:1c.3:   bridge window [io  0x4000-0x4fff]
[    0.221967] pci 0000:00:1c.3:   bridge window [mem 0xf1c00000-0xf23fffff]
[    0.221976] pci 0000:00:1c.3:   bridge window [mem 0xf0400000-0xf0bfffff 64bit pref]
[    0.222044] pci_bus 0000:0d: busn_res: [bus 0d] is inserted under [bus 00-fe]
[    0.222252] pci 0000:0d:00.0: [1180:e823] type 00 class 0x088001
[    0.222270] pci 0000:0d:00.0: MMC controller base frequency changed to 50Mhz.
[    0.222296] pci 0000:0d:00.0: reg 10: [mem 0xf1400000-0xf14000ff]
[    0.222490] pci 0000:0d:00.0: supports D1 D2
[    0.222491] pci 0000:0d:00.0: PME# supported from D0 D1 D2 D3hot D3cold
[    0.223794] pci 0000:00:1c.4: PCI bridge to [bus 0d]
[    0.223804] pci 0000:00:1c.4:   bridge window [io  0x3000-0x3fff]
[    0.223813] pci 0000:00:1c.4:   bridge window [mem 0xf1400000-0xf1bfffff]
[    0.223827] pci 0000:00:1c.4:   bridge window [mem 0xf0c00000-0xf13fffff 64bit pref]
[    0.223873] ACPI: PCI Interrupt Routing Table [\_SB_.PCI0._PRT]
[    0.223932] ACPI: PCI Interrupt Routing Table [\_SB_.PCI0.EXP1._PRT]
[    0.223950] ACPI: PCI Interrupt Routing Table [\_SB_.PCI0.EXP2._PRT]
[    0.223966] ACPI: PCI Interrupt Routing Table [\_SB_.PCI0.EXP4._PRT]
[    0.223985] ACPI: PCI Interrupt Routing Table [\_SB_.PCI0.EXP5._PRT]
[    0.224084]  pci0000:00: Requesting ACPI _OSC control (0x1d)
[    0.224205]  pci0000:00: ACPI _OSC request failed (AE_SUPPORT), returned control mask: 0x0d
[    0.224206] ACPI _OSC control for PCIe not granted, disabling ASPM
[    0.225780] ACPI: PCI Interrupt Link [LNKA] (IRQs 3 4 5 6 7 9 10 *11)
[    0.225824] ACPI: PCI Interrupt Link [LNKB] (IRQs 3 4 5 6 *7 9 10 11)
[    0.225866] ACPI: PCI Interrupt Link [LNKC] (IRQs 3 4 5 6 7 9 10 *11)
[    0.225907] ACPI: PCI Interrupt Link [LNKD] (IRQs 3 4 5 6 7 9 10 *11)
[    0.225947] ACPI: PCI Interrupt Link [LNKE] (IRQs 3 4 5 6 7 9 *10 11)
[    0.225983] ACPI: PCI Interrupt Link [LNKF] (IRQs 3 4 5 6 7 9 10 11) *0, disabled.
[    0.226025] ACPI: PCI Interrupt Link [LNKG] (IRQs 3 4 5 6 *7 9 10 11)
[    0.226065] ACPI: PCI Interrupt Link [LNKH] (IRQs 3 4 5 6 7 9 *10 11)
[    0.226137] vgaarb: device added: PCI:0000:00:02.0,decodes=io+mem,owns=io+mem,locks=none
[    0.226142] vgaarb: loaded
[    0.226142] vgaarb: bridge control possible 0000:00:02.0
[    0.226192] SCSI subsystem initialized
[    0.226194] ACPI: bus type scsi registered
[    0.226221] libata version 3.00 loaded.
[    0.226236] ACPI: bus type usb registered
[    0.226249] usbcore: registered new interface driver usbfs
[    0.226255] usbcore: registered new interface driver hub
[    0.226270] usbcore: registered new device driver usb
[    0.226313] PCI: Using ACPI for IRQ routing
[    0.228012] PCI: pci_cache_line_size set to 64 bytes
[    0.228515] e820: reserve RAM buffer [mem 0x0009d800-0x0009ffff]
[    0.228517] e820: reserve RAM buffer [mem 0xda99f000-0xdbffffff]
[    0.228518] e820: reserve RAM buffer [mem 0xdb000000-0xdbffffff]
[    0.228519] e820: reserve RAM buffer [mem 0x11e600000-0x11fffffff]
[    0.228589] NetLabel: Initializing
[    0.228591] NetLabel:  domain hash size = 128
[    0.228591] NetLabel:  protocols = UNLABELED CIPSOv4
[    0.228600] NetLabel:  unlabeled traffic allowed by default
[    0.228645] hpet0: at MMIO 0xfed00000, IRQs 2, 8, 0, 0, 0, 0, 0, 0
[    0.228649] hpet0: 8 comparators, 64-bit 14.318180 MHz counter
[    0.230664] Switching to clocksource hpet
[    0.235340] pnp: PnP ACPI init
[    0.235353] ACPI: bus type pnp registered
[    0.235631] pnp 00:00: [mem 0x00000000-0x0009ffff]
[    0.235633] pnp 00:00: [mem 0x000c0000-0x000c3fff]
[    0.235634] pnp 00:00: [mem 0x000c4000-0x000c7fff]
[    0.235635] pnp 00:00: [mem 0x000c8000-0x000cbfff]
[    0.235637] pnp 00:00: [mem 0x000cc000-0x000cffff]
[    0.235638] pnp 00:00: [mem 0x000d0000-0x000d3fff]
[    0.235639] pnp 00:00: [mem 0x000d4000-0x000d7fff]
[    0.235642] pnp 00:00: [mem 0x000d8000-0x000dbfff]
[    0.235643] pnp 00:00: [mem 0x000dc000-0x000dffff]
[    0.235644] pnp 00:00: [mem 0x000e0000-0x000e3fff]
[    0.235645] pnp 00:00: [mem 0x000e4000-0x000e7fff]
[    0.235646] pnp 00:00: [mem 0x000e8000-0x000ebfff]
[    0.235648] pnp 00:00: [mem 0x000ec000-0x000effff]
[    0.235649] pnp 00:00: [mem 0x000f0000-0x000fffff]
[    0.235650] pnp 00:00: [mem 0x00100000-0xdf9fffff]
[    0.235651] pnp 00:00: [mem 0xfec00000-0xfed3ffff]
[    0.235652] pnp 00:00: [mem 0xfed4c000-0xffffffff]
[    0.235707] system 00:00: [mem 0x00000000-0x0009ffff] could not be reserved
[    0.235710] system 00:00: [mem 0x000c0000-0x000c3fff] could not be reserved
[    0.235711] system 00:00: [mem 0x000c4000-0x000c7fff] could not be reserved
[    0.235712] system 00:00: [mem 0x000c8000-0x000cbfff] has been reserved
[    0.235714] system 00:00: [mem 0x000cc000-0x000cffff] has been reserved
[    0.235715] system 00:00: [mem 0x000d0000-0x000d3fff] has been reserved
[    0.235716] system 00:00: [mem 0x000d4000-0x000d7fff] has been reserved
[    0.235718] system 00:00: [mem 0x000d8000-0x000dbfff] has been reserved
[    0.235719] system 00:00: [mem 0x000dc000-0x000dffff] has been reserved
[    0.235721] system 00:00: [mem 0x000e0000-0x000e3fff] could not be reserved
[    0.235722] system 00:00: [mem 0x000e4000-0x000e7fff] could not be reserved
[    0.235723] system 00:00: [mem 0x000e8000-0x000ebfff] could not be reserved
[    0.235725] system 00:00: [mem 0x000ec000-0x000effff] could not be reserved
[    0.235726] system 00:00: [mem 0x000f0000-0x000fffff] could not be reserved
[    0.235727] system 00:00: [mem 0x00100000-0xdf9fffff] could not be reserved
[    0.235729] system 00:00: [mem 0xfec00000-0xfed3ffff] could not be reserved
[    0.235731] system 00:00: [mem 0xfed4c000-0xffffffff] could not be reserved
[    0.235734] system 00:00: Plug and Play ACPI device, IDs PNP0c01 (active)
[    0.235749] pnp 00:01: [bus 00-fe]
[    0.235751] pnp 00:01: [io  0x0cf8-0x0cff]
[    0.235752] pnp 00:01: [io  0x0000-0x0cf7 window]
[    0.235753] pnp 00:01: [io  0x0d00-0xffff window]
[    0.235755] pnp 00:01: [mem 0x000a0000-0x000bffff window]
[    0.235756] pnp 00:01: [mem 0x000c0000-0x000c3fff window]
[    0.235757] pnp 00:01: [mem 0x000c4000-0x000c7fff window]
[    0.235758] pnp 00:01: [mem 0x000c8000-0x000cbfff window]
[    0.235760] pnp 00:01: [mem 0x000cc000-0x000cffff window]
[    0.235761] pnp 00:01: [mem 0x000d0000-0x000d3fff window]
[    0.235762] pnp 00:01: [mem 0x000d4000-0x000d7fff window]
[    0.235763] pnp 00:01: [mem 0x000d8000-0x000dbfff window]
[    0.235764] pnp 00:01: [mem 0x000dc000-0x000dffff window]
[    0.235766] pnp 00:01: [mem 0x000e0000-0x000e3fff window]
[    0.235767] pnp 00:01: [mem 0x000e4000-0x000e7fff window]
[    0.235768] pnp 00:01: [mem 0x000e8000-0x000ebfff window]
[    0.235769] pnp 00:01: [mem 0x000ec000-0x000effff window]
[    0.235770] pnp 00:01: [mem 0xdfa00000-0xfebfffff window]
[    0.235772] pnp 00:01: [mem 0xfed40000-0xfed4bfff window]
[    0.235814] pnp 00:01: Plug and Play ACPI device, IDs PNP0a08 PNP0a03 (active)
[    0.235860] pnp 00:02: [io  0x0010-0x001f]
[    0.235861] pnp 00:02: [io  0x0090-0x009f]
[    0.235862] pnp 00:02: [io  0x0024-0x0025]
[    0.235863] pnp 00:02: [io  0x0028-0x0029]
[    0.235864] pnp 00:02: [io  0x002c-0x002d]
[    0.235865] pnp 00:02: [io  0x0030-0x0031]
[    0.235866] pnp 00:02: [io  0x0034-0x0035]
[    0.235867] pnp 00:02: [io  0x0038-0x0039]
[    0.235868] pnp 00:02: [io  0x003c-0x003d]
[    0.235869] pnp 00:02: [io  0x00a4-0x00a5]
[    0.235870] pnp 00:02: [io  0x00a8-0x00a9]
[    0.235871] pnp 00:02: [io  0x00ac-0x00ad]
[    0.235872] pnp 00:02: [io  0x00b0-0x00b5]
[    0.235875] pnp 00:02: [io  0x00b8-0x00b9]
[    0.235876] pnp 00:02: [io  0x00bc-0x00bd]
[    0.235877] pnp 00:02: [io  0x0050-0x0053]
[    0.235878] pnp 00:02: [io  0x0072-0x0077]
[    0.235879] pnp 00:02: [io  0x0400-0x047f]
[    0.235880] pnp 00:02: [io  0x0500-0x057f]
[    0.235881] pnp 00:02: [io  0x0800-0x080f]
[    0.235883] pnp 00:02: [io  0x15e0-0x15ef]
[    0.235884] pnp 00:02: [io  0x1600-0x167f]
[    0.235885] pnp 00:02: [mem 0xf8000000-0xfbffffff]
[    0.235886] pnp 00:02: [mem 0x00000000-0x00000fff]
[    0.235887] pnp 00:02: [mem 0xfed1c000-0xfed1ffff]
[    0.235888] pnp 00:02: [mem 0xfed10000-0xfed13fff]
[    0.235889] pnp 00:02: [mem 0xfed18000-0xfed18fff]
[    0.235891] pnp 00:02: [mem 0xfed19000-0xfed19fff]
[    0.235892] pnp 00:02: [mem 0xfed45000-0xfed4bfff]
[    0.235931] system 00:02: [io  0x0400-0x047f] has been reserved
[    0.235932] system 00:02: [io  0x0500-0x057f] has been reserved
[    0.235933] system 00:02: [io  0x0800-0x080f] has been reserved
[    0.235935] system 00:02: [io  0x15e0-0x15ef] has been reserved
[    0.235936] system 00:02: [io  0x1600-0x167f] has been reserved
[    0.235938] system 00:02: [mem 0xf8000000-0xfbffffff] has been reserved
[    0.235940] system 00:02: [mem 0x00000000-0x00000fff] could not be reserved
[    0.235941] system 00:02: [mem 0xfed1c000-0xfed1ffff] has been reserved
[    0.235942] system 00:02: [mem 0xfed10000-0xfed13fff] has been reserved
[    0.235944] system 00:02: [mem 0xfed18000-0xfed18fff] has been reserved
[    0.235945] system 00:02: [mem 0xfed19000-0xfed19fff] has been reserved
[    0.235947] system 00:02: [mem 0xfed45000-0xfed4bfff] has been reserved
[    0.235949] system 00:02: Plug and Play ACPI device, IDs PNP0c02 (active)
[    0.235980] pnp 00:03: [mem 0xfed00000-0xfed003ff]
[    0.235997] pnp 00:03: Plug and Play ACPI device, IDs PNP0103 (active)
[    0.236003] pnp 00:04: [io  0x0000-0x000f]
[    0.236004] pnp 00:04: [io  0x0080-0x008f]
[    0.236005] pnp 00:04: [io  0x00c0-0x00df]
[    0.236006] pnp 00:04: [dma 4]
[    0.236024] pnp 00:04: Plug and Play ACPI device, IDs PNP0200 (active)
[    0.236029] pnp 00:05: [io  0x0061]
[    0.236044] pnp 00:05: Plug and Play ACPI device, IDs PNP0800 (active)
[    0.236049] pnp 00:06: [io  0x00f0]
[    0.236061] pnp 00:06: [irq 13]
[    0.236079] pnp 00:06: Plug and Play ACPI device, IDs PNP0c04 (active)
[    0.236085] pnp 00:07: [io  0x0070-0x0071]
[    0.236090] pnp 00:07: [irq 8]
[    0.236106] pnp 00:07: Plug and Play ACPI device, IDs PNP0b00 (active)
[    0.236111] pnp 00:08: [io  0x0060]
[    0.236112] pnp 00:08: [io  0x0064]
[    0.236118] pnp 00:08: [irq 1]
[    0.236135] pnp 00:08: Plug and Play ACPI device, IDs PNP0303 (active)
[    0.236145] pnp 00:09: [irq 12]
[    0.236162] pnp 00:09: Plug and Play ACPI device, IDs LEN0020 PNP0f13 (active)
[    0.236186] pnp 00:0a: [mem 0xfed40000-0xfed44fff]
[    0.236205] pnp 00:0a: Plug and Play ACPI device, IDs SMO1200 PNP0c31 (active)
[    0.236659] pnp: PnP ACPI: found 11 devices
[    0.236660] ACPI: ACPI bus type pnp unregistered
[    0.242851] pci 0000:00:1c.0: PCI bridge to [bus 02]
[    0.242869] pci 0000:00:1c.1: PCI bridge to [bus 03]
[    0.242876] pci 0000:00:1c.1:   bridge window [mem 0xf2400000-0xf24fffff]
[    0.242887] pci 0000:00:1c.3: PCI bridge to [bus 05-0c]
[    0.242891] pci 0000:00:1c.3:   bridge window [io  0x4000-0x4fff]
[    0.242897] pci 0000:00:1c.3:   bridge window [mem 0xf1c00000-0xf23fffff]
[    0.242902] pci 0000:00:1c.3:   bridge window [mem 0xf0400000-0xf0bfffff 64bit pref]
[    0.242910] pci 0000:00:1c.4: PCI bridge to [bus 0d]
[    0.242914] pci 0000:00:1c.4:   bridge window [io  0x3000-0x3fff]
[    0.242920] pci 0000:00:1c.4:   bridge window [mem 0xf1400000-0xf1bfffff]
[    0.242925] pci 0000:00:1c.4:   bridge window [mem 0xf0c00000-0xf13fffff 64bit pref]
[    0.242973] pci_bus 0000:00: resource 4 [io  0x0000-0x0cf7]
[    0.242975] pci_bus 0000:00: resource 5 [io  0x0d00-0xffff]
[    0.242976] pci_bus 0000:00: resource 6 [mem 0x000a0000-0x000bffff]
[    0.242978] pci_bus 0000:00: resource 7 [mem 0xdfa00000-0xfebfffff]
[    0.242979] pci_bus 0000:00: resource 8 [mem 0xfed40000-0xfed4bfff]
[    0.242981] pci_bus 0000:03: resource 1 [mem 0xf2400000-0xf24fffff]
[    0.242982] pci_bus 0000:05: resource 0 [io  0x4000-0x4fff]
[    0.242983] pci_bus 0000:05: resource 1 [mem 0xf1c00000-0xf23fffff]
[    0.242985] pci_bus 0000:05: resource 2 [mem 0xf0400000-0xf0bfffff 64bit pref]
[    0.242986] pci_bus 0000:0d: resource 0 [io  0x3000-0x3fff]
[    0.242988] pci_bus 0000:0d: resource 1 [mem 0xf1400000-0xf1bfffff]
[    0.242989] pci_bus 0000:0d: resource 2 [mem 0xf0c00000-0xf13fffff 64bit pref]
[    0.243015] NET: Registered protocol family 2
[    0.243639] TCP established hash table entries: 524288 (order: 11, 8388608 bytes)
[    0.245346] TCP bind hash table entries: 65536 (order: 8, 1048576 bytes)
[    0.245565] TCP: Hash tables configured (established 524288 bind 65536)
[    0.245595] TCP: reno registered
[    0.245604] UDP hash table entries: 2048 (order: 4, 65536 bytes)
[    0.245623] UDP-Lite hash table entries: 2048 (order: 4, 65536 bytes)
[    0.245722] NET: Registered protocol family 1
[    0.245733] pci 0000:00:02.0: Boot video device
[    0.245996] PCI: CLS 64 bytes, default 64
[    0.246037] Unpacking initramfs...
[    0.542139] Freeing initrd memory: 18252k freed
[    0.546418] PCI-DMA: Using software bounce buffering for IO (SWIOTLB)
[    0.546423] software IO TLB [mem 0xd699d000-0xda99cfff] (64MB) mapped at [ffff8800d699d000-ffff8800da99cfff]
[    0.548739] alg: No test for __gcm-aes-aesni (__driver-gcm-aes-aesni)
[    0.548963] audit: initializing netlink socket (disabled)
[    0.548972] type=2000 audit(1413769341.437:1): initialized
[    0.565302] HugeTLB registered 2 MB page size, pre-allocated 0 pages
[    0.566483] VFS: Disk quotas dquot_6.5.2
[    0.566517] Dquot-cache hash table entries: 512 (order 0, 4096 bytes)
[    0.566819] msgmni has been set to 7667
[    0.566866] SELinux:  Registering netfilter hooks
[    0.567220] alg: No test for stdrng (krng)
[    0.567225] NET: Registered protocol family 38
[    0.567252] Block layer SCSI generic (bsg) driver version 0.4 loaded (major 252)
[    0.567271] io scheduler noop registered
[    0.567272] io scheduler deadline registered
[    0.567294] io scheduler cfq registered (default)
[    0.567660] pci_hotplug: PCI Hot Plug PCI Core version: 0.5
[    0.567673] pciehp: PCI Express Hot Plug Controller Driver version: 0.4
[    0.567674] acpiphp: ACPI Hot Plug PCI Controller Driver version: 0.5
[    0.567811] acpiphp: Slot [1] registered
[    0.567884] intel_idle: MWAIT substates: 0x21120
[    0.567886] intel_idle: v0.4 model 0x2A
[    0.567887] intel_idle: lapic_timer_reliable_states 0xffffffff
[    0.568250] ACPI: AC Adapter [AC] (on-line)
[    0.568326] input: Lid Switch as /devices/LNXSYSTM:00/device:00/PNP0C0D:00/input/input0
[    0.568657] ACPI: Lid Switch [LID]
[    0.568684] input: Sleep Button as /devices/LNXSYSTM:00/device:00/PNP0C0E:00/input/input1
[    0.568687] ACPI: Sleep Button [SLPB]
[    0.568716] input: Power Button as /devices/LNXSYSTM:00/LNXPWRBN:00/input/input2
[    0.568718] ACPI: Power Button [PWRF]
[    0.568820] ACPI: Requesting acpi_cpufreq
[    0.573306] thermal LNXTHERM:00: registered as thermal_zone0
[    0.573308] ACPI: Thermal Zone [THM0] (37 C)
[    0.573326] GHES: HEST is not enabled!
[    0.573390] Serial: 8250/16550 driver, 4 ports, IRQ sharing enabled
[    0.594206] 0000:00:16.3: ttyS0 at I/O 0x50b0 (irq = 19) is a 16550A
[    0.594526] Non-volatile memory driver v1.3
[    0.594528] Linux agpgart interface v0.103
[    0.595328] loop: module loaded
[    0.595391] ahci 0000:00:1f.2: version 3.0
[    0.595483] ahci 0000:00:1f.2: irq 42 for MSI/MSI-X
[    0.595536] ahci: SSS flag set, parallel bus scan disabled
[    0.605671] ahci 0000:00:1f.2: AHCI 0001.0300 32 slots 6 ports 6 Gbps 0x13 impl SATA mode
[    0.605674] ahci 0000:00:1f.2: flags: 64bit ncq sntf ilck stag pm led clo pio slum part ems sxs apst 
[    0.605678] ahci 0000:00:1f.2: setting latency timer to 64
[    0.607163] ACPI: Battery Slot [BAT0] (battery present)
[    0.609957] scsi0 : ahci
[    0.610017] scsi1 : ahci
[    0.610068] scsi2 : ahci
[    0.610115] scsi3 : ahci
[    0.610161] scsi4 : ahci
[    0.610208] scsi5 : ahci
[    0.610235] ata1: SATA max UDMA/133 abar m2048@0xf2528000 port 0xf2528100 irq 42
[    0.610238] ata2: SATA max UDMA/133 abar m2048@0xf2528000 port 0xf2528180 irq 42
[    0.610239] ata3: DUMMY
[    0.610240] ata4: DUMMY
[    0.610242] ata5: SATA max UDMA/133 abar m2048@0xf2528000 port 0xf2528300 irq 42
[    0.610243] ata6: DUMMY
[    0.610304] libphy: Fixed MDIO Bus: probed
[    0.610347] ehci_hcd: USB 2.0 'Enhanced' Host Controller (EHCI) Driver
[    0.610381] ehci_hcd 0000:00:1a.0: setting latency timer to 64
[    0.610383] ehci_hcd 0000:00:1a.0: EHCI Host Controller
[    0.610421] ehci_hcd 0000:00:1a.0: new USB bus registered, assigned bus number 1
[    0.614317] ehci_hcd 0000:00:1a.0: debug port 2
[    0.614324] ehci_hcd 0000:00:1a.0: cache line size of 64 is not supported
[    0.614339] ehci_hcd 0000:00:1a.0: irq 16, io mem 0xf252a000
[    0.619596] ehci_hcd 0000:00:1a.0: USB 2.0 started, EHCI 1.00
[    0.619650] usb usb1: New USB device found, idVendor=1d6b, idProduct=0002
[    0.619655] usb usb1: New USB device strings: Mfr=3, Product=2, SerialNumber=1
[    0.619659] usb usb1: Product: EHCI Host Controller
[    0.619664] usb usb1: Manufacturer: Linux 3.6.11-4.fc16.x86_64 ehci_hcd
[    0.619667] usb usb1: SerialNumber: 0000:00:1a.0
[    0.619778] hub 1-0:1.0: USB hub found
[    0.619781] hub 1-0:1.0: 3 ports detected
[    0.619835] ehci_hcd 0000:00:1d.0: setting latency timer to 64
[    0.619838] ehci_hcd 0000:00:1d.0: EHCI Host Controller
[    0.619875] ehci_hcd 0000:00:1d.0: new USB bus registered, assigned bus number 2
[    0.623775] ehci_hcd 0000:00:1d.0: debug port 2
[    0.623781] ehci_hcd 0000:00:1d.0: cache line size of 64 is not supported
[    0.623794] ehci_hcd 0000:00:1d.0: irq 23, io mem 0xf2529000
[    0.629594] ehci_hcd 0000:00:1d.0: USB 2.0 started, EHCI 1.00
[    0.629639] usb usb2: New USB device found, idVendor=1d6b, idProduct=0002
[    0.629644] usb usb2: New USB device strings: Mfr=3, Product=2, SerialNumber=1
[    0.629648] usb usb2: Product: EHCI Host Controller
[    0.629652] usb usb2: Manufacturer: Linux 3.6.11-4.fc16.x86_64 ehci_hcd
[    0.629655] usb usb2: SerialNumber: 0000:00:1d.0
[    0.629762] hub 2-0:1.0: USB hub found
[    0.629765] hub 2-0:1.0: 3 ports detected
[    0.629806] ohci_hcd: USB 1.1 'Open' Host Controller (OHCI) Driver
[    0.629813] uhci_hcd: USB Universal Host Controller Interface driver
[    0.629845] usbcore: registered new interface driver usbserial
[    0.629851] usbcore: registered new interface driver usbserial_generic
[    0.629855] USB Serial support registered for generic
[    0.629856] usbserial: USB Serial Driver core
[    0.629878] i8042: PNP: PS/2 Controller [PNP0303:KBD,PNP0f13:MOU] at 0x60,0x64 irq 1,12
[    0.633276] serio: i8042 KBD port at 0x60,0x64 irq 1
[    0.633281] serio: i8042 AUX port at 0x60,0x64 irq 12
[    0.633342] mousedev: PS/2 mouse device common for all mice
[    0.633473] rtc_cmos 00:07: RTC can wake from S4
[    0.633597] rtc_cmos 00:07: rtc core: registered rtc_cmos as rtc0
[    0.633625] rtc0: alarms up to one month, y3k, 114 bytes nvram, hpet irqs
[    0.633675] device-mapper: uevent: version 1.0.3
[    0.633722] device-mapper: ioctl: 4.23.0-ioctl (2012-07-25) initialised: dm-devel@redhat.com
[    0.633814] cpuidle: using governor ladder
[    0.633889] cpuidle: using governor menu
[    0.634171] EFI Variables Facility v0.08 2004-May-17
[    0.634231] usbcore: registered new interface driver usbhid
[    0.634232] usbhid: USB HID core driver
[    0.634251] drop_monitor: Initializing network drop monitor service
[    0.634317] ip_tables: (C) 2000-2006 Netfilter Core Team
[    0.634358] TCP: cubic registered
[    0.634359] Initializing XFRM netlink socket
[    0.634430] NET: Registered protocol family 10
[    0.634550] mip6: Mobile IPv6
[    0.634552] NET: Registered protocol family 17
[    0.634780] PM: Hibernation image not present or could not be loaded.
[    0.634800] registered taskstats version 1
[    0.635364]   Magic number: 2:315:711
[    0.635443] rtc_cmos 00:07: setting system clock to 2014-10-20 01:42:21 UTC (1413769341)
[    0.637762] input: AT Translated Set 2 keyboard as /devices/platform/i8042/serio0/input/input3
[    0.914640] ata1: SATA link up 3.0 Gbps (SStatus 123 SControl 300)
[    0.916393] ata1.00: ACPI cmd ef/02:00:00:00:00:a0 (SET FEATURES) succeeded
[    0.916403] ata1.00: ACPI cmd f5/00:00:00:00:00:a0 (SECURITY FREEZE LOCK) filtered out
[    0.916409] ata1.00: ACPI cmd ef/10:03:00:00:00:a0 (SET FEATURES) filtered out
[    0.917423] ata1.00: ATA-8: HITACHI HTS723232A7A364, EC2ZB70R, max UDMA/100
[    0.917432] ata1.00: 625142448 sectors, multi 16: LBA48 NCQ (depth 31/32), AA
[    0.919351] ata1.00: ACPI cmd ef/02:00:00:00:00:a0 (SET FEATURES) succeeded
[    0.919362] ata1.00: ACPI cmd f5/00:00:00:00:00:a0 (SECURITY FREEZE LOCK) filtered out
[    0.919368] ata1.00: ACPI cmd ef/10:03:00:00:00:a0 (SET FEATURES) filtered out
[    0.920402] ata1.00: configured for UDMA/100
[    0.920827] scsi 0:0:0:0: Direct-Access     ATA      HITACHI HTS72323 EC2Z PQ: 0 ANSI: 5
[    0.921396] sd 0:0:0:0: [sda] 625142448 512-byte logical blocks: (320 GB/298 GiB)
[    0.921433] sd 0:0:0:0: [sda] Write Protect is off
[    0.921435] sd 0:0:0:0: [sda] Mode Sense: 00 3a 00 00
[    0.921455] sd 0:0:0:0: [sda] Write cache: enabled, read cache: enabled, doesn't support DPO or FUA
[    0.921456] sd 0:0:0:0: Attached scsi generic sg0 type 0
[    0.921496] usb 1-1: new high-speed USB device number 2 using ehci_hcd
[    0.956256]  sda: sda1 sda2
[    0.957117] sd 0:0:0:0: [sda] Attached SCSI disk
[    1.036177] usb 1-1: New USB device found, idVendor=8087, idProduct=0024
[    1.036186] usb 1-1: New USB device strings: Mfr=0, Product=0, SerialNumber=0
[    1.036719] hub 1-1:1.0: USB hub found
[    1.036982] hub 1-1:1.0: 6 ports detected
[    1.140544] usb 2-1: new high-speed USB device number 2 using ehci_hcd
[    1.226539] ata2: SATA link down (SStatus 0 SControl 300)
[    1.255082] usb 2-1: New USB device found, idVendor=8087, idProduct=0024
[    1.255092] usb 2-1: New USB device strings: Mfr=0, Product=0, SerialNumber=0
[    1.255704] hub 2-1:1.0: USB hub found
[    1.255881] hub 2-1:1.0: 8 ports detected
[    1.330603] usb 1-1.6: new high-speed USB device number 3 using ehci_hcd
[    1.422112] usb 1-1.6: New USB device found, idVendor=04f2, idProduct=b217
[    1.422122] usb 1-1.6: New USB device strings: Mfr=1, Product=2, SerialNumber=0
[    1.422127] usb 1-1.6: Product: Integrated Camera
[    1.422132] usb 1-1.6: Manufacturer: Chicony Electronics Co., Ltd.
[    1.531399] ata5: SATA link down (SStatus 0 SControl 300)
[    1.532541] usb 2-1.2: new low-speed USB device number 3 using ehci_hcd
[    1.535625] Freeing unused kernel memory: 1032k freed
[    1.535950] Write protecting the kernel read-only data: 12288k
[    1.546322] tsc: Refined TSC clocksource calibration: 2591.581 MHz
[    1.546339] Switching to clocksource tsc
[    1.552763] Freeing unused kernel memory: 1884k freed
[    1.564338] Freeing unused kernel memory: 1416k freed
[    1.603661] psmouse serio1: synaptics: Touchpad model: 1, fw: 8.0, id: 0x1e2b1, caps: 0xd001a3/0x940300/0x120c00, board id: 1611, fw id: 774180
[    1.603675] psmouse serio1: synaptics: serio: Synaptics pass-through port at isa0060/serio1/input0
[    1.611830] usb 2-1.2: New USB device found, idVendor=046d, idProduct=c06a
[    1.611840] usb 2-1.2: New USB device strings: Mfr=1, Product=2, SerialNumber=0
[    1.611845] usb 2-1.2: Product: USB Optical Mouse
[    1.611850] usb 2-1.2: Manufacturer: Logitech
[    1.614676] input: Logitech USB Optical Mouse as /devices/pci0000:00/0000:00:1d.0/usb2/2-1/2-1.2/2-1.2:1.0/input/input4
[    1.614937] hid-generic 0003:046D:C06A.0001: input,hidraw0: USB HID v1.11 Mouse [Logitech USB Optical Mouse] on usb-0000:00:1d.0-1.2/input0
[    1.654300] input: SynPS/2 Synaptics TouchPad as /devices/platform/i8042/serio1/input/input5
[    1.665722] dracut: dracut-018-60.git20120927.fc16
[    1.728365] dracut: rd.luks=0: removing cryptoluks activation
[    1.775359] udevd[150]: starting version 173
[    1.817869] [drm] Initialized drm 1.1.0 20060810
[    1.823954] pci 0000:00:00.0: Intel Sandybridge Chipset
[    1.824173] pci 0000:00:00.0: detected gtt size: 2097152K total, 262144K mappable
[    1.825037] pci 0000:00:00.0: detected 65536K stolen memory
[    1.825075] i915 0000:00:02.0: setting latency timer to 64
[    1.849340] i915 0000:00:02.0: irq 43 for MSI/MSI-X
[    1.849348] [drm] Supports vblank timestamp caching Rev 1 (10.10.2010).
[    1.849348] [drm] Driver supports precise vblank timestamp query.
[    1.849387] vgaarb: device changed decodes: PCI:0000:00:02.0,olddecodes=io+mem,decodes=io+mem:owns=io+mem
[    2.249938] [drm] Enabling RC6 states: RC6 on, RC6p off, RC6pp off
[    2.393594] fbcon: inteldrmfb (fb0) is primary device
[    0.922123] ACPI: Invalid Power Resource to register!
[    2.725764] Console: switching to colour frame buffer device 170x48
[    2.727828] fb0: inteldrmfb frame buffer device
[    2.727829] drm: registered panic notifier
[    2.734444] acpi device:01: registered as cooling_device4
[    2.734550] ACPI: Video Device [VID] (multi-head: yes  rom: no  post: no)
[    2.734622] input: Video Bus as /devices/LNXSYSTM:00/device:00/PNP0A08:00/LNXVIDEO:00/input/input6
[    2.734779] [drm] Initialized i915 1.6.0 20080730 for 0000:00:02.0 on minor 0
[    2.747618] dracut: Starting plymouth daemon
[    3.125095] dracut: rd.dm=0: removing DM RAID activation
[    3.147235] dracut: rd.md=0: removing MD RAID activation
[    3.222929] wmi: Mapper loaded
[    3.230276] sdhci: Secure Digital Host Controller Interface driver
[    3.230280] sdhci: Copyright(c) Pierre Ossman
[    3.230510] sdhci-pci 0000:0d:00.0: SDHCI controller found [1180:e823] (rev 4)
[    3.231045] Registered led device: mmc0::
[    3.258742] mmc0: SDHCI controller on PCI [0000:0d:00.0] using DMA
[    3.642266] dracut: Scanning devices sda2  for LVM logical volumes VolGroup/lv_swap VolGroup/lv_root
[    3.655556] dracut: inactive '/dev/VolGroup/lv_swap' [5.75 GiB] inherit
[    3.655902] dracut: inactive '/dev/VolGroup/lv_home' [241.84 GiB] inherit
[    3.656172] dracut: inactive '/dev/VolGroup/lv_root' [50.00 GiB] inherit
[    4.032756] EXT4-fs (dm-1): mounted filesystem with ordered data mode. Opts: (null)
[    4.189407] dracut: Checking ext4: /dev/mapper/VolGroup-lv_root
[    4.189876] dracut: issuing e2fsck -a  /dev/mapper/VolGroup-lv_root
[    4.240900] dracut: /dev/mapper/VolGroup-lv_root: clean, 485105/3276800 files, 4530958/13107200 blocks
[    4.242068] dracut: Remounting /dev/mapper/VolGroup-lv_root with -o ro
[    4.279181] EXT4-fs (dm-1): mounted filesystem with ordered data mode. Opts: (null)
[    4.326671] dracut: Mounted root filesystem /dev/mapper/VolGroup-lv_root
[    4.575593] dracut: Switching root
[    4.931112] SELinux:  Disabled at runtime.
[    4.931135] SELinux:  Unregistering netfilter hooks
[    4.960296] type=1404 audit(1413769345.825:2): selinux=0 auid=4294967295 ses=4294967295
[    5.078360] systemd[1]: systemd 37 running in system mode. (+PAM +LIBWRAP +AUDIT +SELINUX +SYSVINIT +LIBCRYPTSETUP; fedora)
[    5.118770] systemd[1]: Set hostname to <localhost.sluodomain>.
[    5.387507] systemd[1]: access() failed on /etc/rc.d/rc5.d/S99autotest: Permission denied
[    8.151288] psmouse serio2: trackpoint: IBM TrackPoint firmware: 0x0e, buttons: 3/3
[    8.401756] input: TPPS/2 IBM TrackPoint as /devices/platform/i8042/serio1/serio2/input/input7
[   12.422799] udevd[493]: starting version 173
[   14.928313] microcode: CPU0 sig=0x206a7, pf=0x10, revision=0x25
[   14.931964] RPC: Registered named UNIX socket transport module.
[   14.931967] RPC: Registered udp transport module.
[   14.931968] RPC: Registered tcp transport module.
[   14.931969] RPC: Registered tcp NFSv4.1 backchannel transport module.
[   14.933179] e1000e: Intel(R) PRO/1000 Network Driver - 2.0.0-k
[   14.933181] e1000e: Copyright(c) 1999 - 2012 Intel Corporation.
[   14.936788] ACPI Warning: 0x0000000000000428-0x000000000000042f SystemIO conflicts with Region \_SB_.PCI0.LPC_.PMIO 1 (20120711/utaddress-251)
[   14.936796] ACPI: If an ACPI driver is available for this device, you should use it instead of the native driver
[   14.936800] ACPI Warning: 0x0000000000000500-0x000000000000057f SystemIO conflicts with Region \_SB_.PCI0.LPC_.LPIO 1 (20120711/utaddress-251)
[   14.936803] ACPI: If an ACPI driver is available for this device, you should use it instead of the native driver
[   14.936805] lpc_ich: Resource conflict(s) found affecting gpio_ich
[   14.936867] e1000e 0000:00:19.0: setting latency timer to 64
[   14.936947] e1000e 0000:00:19.0: Interrupt Throttling Rate (ints/sec) set to dynamic conservative mode
[   14.936982] e1000e 0000:00:19.0: irq 44 for MSI/MSI-X
[   14.937375] cfg80211: Calling CRDA to update world regulatory domain
[   14.939224] Intel(R) Wireless WiFi driver for Linux, in-tree:d
[   14.939227] Copyright(c) 2003-2012 Intel Corporation
[   14.939356] iwlwifi 0000:03:00.0: pci_resource_len = 0x00002000
[   14.939357] iwlwifi 0000:03:00.0: pci_resource_base = ffffc90004ff4000
[   14.939359] iwlwifi 0000:03:00.0: HW Revision ID = 0x34
[   14.939680] iwlwifi 0000:03:00.0: irq 45 for MSI/MSI-X
[   14.952872] thinkpad_acpi: ThinkPad ACPI Extras v0.24
[   14.952875] thinkpad_acpi: http://ibm-acpi.sf.net/
[   14.952876] thinkpad_acpi: ThinkPad BIOS 8DET58WW (1.28 ), EC unknown
[   14.952878] thinkpad_acpi: Lenovo ThinkPad X220, model 42912XC
[   14.953307] thinkpad_acpi: detected a 8-level brightness capable ThinkPad
[   14.960274] iTCO_vendor_support: vendor-support=0
[   14.960453] iTCO_wdt: Intel TCO WatchDog Timer Driver v1.10
[   14.960492] iTCO_wdt: Found a Cougar Point TCO device (Version=2, TCOBASE=0x0460)
[   14.960652] iTCO_wdt: initialized. heartbeat=30 sec (nowayout=0)
[   14.962915] thinkpad_acpi: radio switch found; radios are enabled
[   14.963063] thinkpad_acpi: possible tablet mode switch found; ThinkPad in laptop mode
[   14.963078] thinkpad_acpi: This ThinkPad has standard ACPI backlight brightness control, supported by the ACPI video driver
[   14.963079] thinkpad_acpi: Disabling thinkpad-acpi brightness events by default...
[   14.964337] Registered led device: tpacpi::thinklight
[   14.964366] Registered led device: tpacpi::power
[   14.964385] Registered led device: tpacpi::standby
[   14.964398] Registered led device: tpacpi::thinkvantage
[   14.964406] thinkpad_acpi: Standard ACPI backlight interface available, not loading native one
[   14.964482] thinkpad_acpi: Console audio control enabled, mode: monitor (read only)
[   14.965458] input: ThinkPad Extra Buttons as /devices/platform/thinkpad_acpi/input/input8
[   14.965472] tpm_tis 00:0a: 1.2 TPM (device-id 0x0, rev-id 78)
[   15.001043] tpm_tis 00:0a: TPM is disabled/deactivated (0x6)
[   15.032065] Installing knfsd (copyright (C) 1996 okir@monad.swb.de).
[   15.129039] e1000e 0000:00:19.0: eth0: (PCI Express:2.5GT/s:Width x1) f0:de:f1:e3:0c:6c
[   15.129042] e1000e 0000:00:19.0: eth0: Intel(R) PRO/1000 Network Connection
[   15.129092] e1000e 0000:00:19.0: eth0: MAC: 10, PHY: 11, PBA No: 1000FF-0FF
[   15.129166] i801_smbus 0000:00:1f.3: SMBus using PCI Interrupt
[   15.544176] EXT4-fs (dm-1): re-mounted. Opts: (null)
[   15.571301] snd_hda_intel 0000:00:1b.0: irq 46 for MSI/MSI-X
[   15.589762] cfg80211: World regulatory domain updated:
[   15.589765] cfg80211:   (start_freq - end_freq @ bandwidth), (max_antenna_gain, max_eirp)
[   15.589766] cfg80211:   (2402000 KHz - 2472000 KHz @ 40000 KHz), (300 mBi, 2000 mBm)
[   15.589767] cfg80211:   (2457000 KHz - 2482000 KHz @ 20000 KHz), (300 mBi, 2000 mBm)
[   15.589768] cfg80211:   (2474000 KHz - 2494000 KHz @ 20000 KHz), (300 mBi, 2000 mBm)
[   15.589769] cfg80211:   (5170000 KHz - 5250000 KHz @ 40000 KHz), (300 mBi, 2000 mBm)
[   15.589769] cfg80211:   (5735000 KHz - 5835000 KHz @ 40000 KHz), (300 mBi, 2000 mBm)
[   15.623697] microcode: CPU0 updated to revision 0x28, date = 2012-04-24
[   15.623705] microcode: CPU1 sig=0x206a7, pf=0x10, revision=0x25
[   15.625464] microcode: CPU1 updated to revision 0x28, date = 2012-04-24
[   15.625490] microcode: CPU2 sig=0x206a7, pf=0x10, revision=0x25
[   15.626277] iwlwifi 0000:03:00.0: loaded firmware version 17.168.5.3 build 42301
[   15.629464] microcode: CPU2 updated to revision 0x28, date = 2012-04-24
[   15.629476] microcode: CPU3 sig=0x206a7, pf=0x10, revision=0x25
[   15.631292] microcode: CPU3 updated to revision 0x28, date = 2012-04-24
[   15.631298] perf_event_intel: PEBS enabled due to microcode update
[   15.631345] microcode: Microcode Update Driver: v2.00 <tigran@aivazian.fsnet.co.uk>, Peter Oruba
[   15.634970] iwldvm: Intel(R) Wireless WiFi Link AGN driver for Linux, in-tree:d
[   15.634974] iwldvm: Copyright(c) 2003-2012 Intel Corporation
[   15.635006] iwlwifi 0000:03:00.0: CONFIG_IWLWIFI_DEBUG enabled
[   15.635007] iwlwifi 0000:03:00.0: CONFIG_IWLWIFI_DEBUGFS enabled
[   15.635009] iwlwifi 0000:03:00.0: CONFIG_IWLWIFI_DEVICE_TRACING disabled
[   15.635010] iwlwifi 0000:03:00.0: CONFIG_IWLWIFI_DEVICE_TESTMODE disabled
[   15.635011] iwlwifi 0000:03:00.0: CONFIG_IWLWIFI_P2P disabled
[   15.635013] iwlwifi 0000:03:00.0: Detected Intel(R) Centrino(R) Advanced-N 6205 AGN, REV=0xB0
[   15.635120] iwlwifi 0000:03:00.0: L1 Enabled; Disabling L0S
[   15.635319] iwlwifi 0000:03:00.0: RF_KILL bit toggled to enable radio.
[   15.645855] iwlwifi 0000:03:00.0: device EEPROM VER=0x715, CALIB=0x6
[   15.645858] iwlwifi 0000:03:00.0: Device SKU: 0x1F0
[   15.645860] iwlwifi 0000:03:00.0: Valid Tx ant: 0x3, Valid Rx ant: 0x3
[   15.645919] Registered led device: phy0-led
[   15.647870] ieee80211 phy0: Selected rate control algorithm 'iwl-agn-rs'
[   16.096287] input: HDA Intel PCH HDMI/DP,pcm=8 as /devices/pci0000:00/0000:00:1b.0/sound/card0/input9
[   16.096355] input: HDA Intel PCH HDMI/DP,pcm=7 as /devices/pci0000:00/0000:00:1b.0/sound/card0/input10
[   16.096402] input: HDA Intel PCH HDMI/DP,pcm=3 as /devices/pci0000:00/0000:00:1b.0/sound/card0/input11
[   16.137359] mtp-probe[577]: checking bus 1, device 3: "/sys/devices/pci0000:00/0000:00:1a.0/usb1/1-1/1-1.6"
[   16.137369] mtp-probe[575]: checking bus 2, device 3: "/sys/devices/pci0000:00/0000:00:1d.0/usb2/2-1/2-1.2"
[   16.138013] mtp-probe[575]: bus: 2, device: 3 was not an MTP device
[   16.138021] mtp-probe[577]: bus: 1, device: 3 was not an MTP device
[   16.141663] Linux media interface: v0.10
[   16.143376] Linux video capture interface: v2.00
[   16.144658] uvcvideo: Found UVC 1.00 device Integrated Camera (04f2:b217)
[   16.146641] input: Integrated Camera as /devices/pci0000:00/0000:00:1a.0/usb1/1-1/1-1.6/1-1.6:1.0/input/input12
[   16.146721] usbcore: registered new interface driver uvcvideo
[   16.146723] USB Video Class driver (1.1.1)
[   16.553180] tun: Universal TUN/TAP device driver, 1.6
[   16.553183] tun: (C) 1999-2004 Max Krasnyansky <maxk@qualcomm.com>
[   18.511767] Adding 6029308k swap on /dev/mapper/VolGroup-lv_swap.  Priority:0 extents:1 across:6029308k 
[   18.544536] cfg80211: Calling CRDA for country: CN
[   18.549804] cfg80211: Regulatory domain changed to country: CN
[   18.549811] cfg80211:   (start_freq - end_freq @ bandwidth), (max_antenna_gain, max_eirp)
[   18.549815] cfg80211:   (2402000 KHz - 2482000 KHz @ 40000 KHz), (N/A, 2000 mBm)
[   18.549819] cfg80211:   (5735000 KHz - 5835000 KHz @ 40000 KHz), (N/A, 3000 mBm)
[   19.983571] udev-configure-printer[897]: add /bus/pci/drivers/lpc_ich
[   19.983578] udev-configure-printer[898]: add /module/lpc_ich
[   19.983678] udev-configure-printer[898]: Failed to get parent
[   19.985158] udev-configure-printer[897]: Failed to get parent
[   31.458728] fedora-storage-init[906]: Setting up Logical Volume Management:   3 logical volume(s) in volume group "VolGroup" now active
[   31.525810] fedora-storage-init[906]: [  OK  ]
[   31.741877] systemd-fsck[913]: /dev/sda1: clean, 231/128016 files, 105685/512000 blocks
[   31.966168] systemd-fsck[923]: /dev/mapper/VolGroup-lv_home: clean, 84386/15851520 files, 49897467/63397888 blocks
[   32.281243] EXT4-fs (sda1): mounted filesystem with ordered data mode. Opts: (null)
[   32.294773] fedora-storage-init[927]: Setting up Logical Volume Management:   3 logical volume(s) in volume group "VolGroup" now active
[   32.295587] fedora-storage-init[927]: [  OK  ]
[   32.385914] EXT4-fs (dm-2): mounted filesystem with ordered data mode. Opts: (null)
[   32.528586] lvm[948]: 3 logical volume(s) in volume group "VolGroup" monitored
[   32.599691] systemd-tmpfiles[958]: [/etc/tmpfiles.d/util-vserver.conf:1] Unknown file type '-'.
[   32.599710] systemd-tmpfiles[958]: [/etc/tmpfiles.d/util-vserver.conf:2] Unknown file type '-'.
[   32.599720] systemd-tmpfiles[958]: [/etc/tmpfiles.d/util-vserver.conf:3] Unknown file type '-'.
[   32.650803] systemd[1]: systemd-tmpfiles-setup.service: main process exited, code=exited, status=1
[   32.658875] systemd[1]: Unit systemd-tmpfiles-setup.service entered failed state.
[   32.784727] auditd[966]: Started dispatcher: /sbin/audispd pid: 969
[   32.785268] audispd[969]: priority_boost_parser called with: 4
[   32.785272] audispd[969]: max_restarts_parser called with: 10
[   32.785535] audispd[969]: audispd initialized with q_depth=120 and 1 active plugins
[   32.786975] sandbox[964]: Starting sandbox[  OK  ]
[   32.816474] auditctl[967]: No rules
[   32.816495] auditctl[967]: AUDIT_STATUS: enabled=0 flag=1 pid=966 rate_limit=0 backlog_limit=320 lost=0 backlog=0
[   32.841916] NetworkManager[980]: <info> NetworkManager (version 0.9.6.4-2.fc16) is starting...
[   32.841935] NetworkManager[980]: <info> Read config file /etc/NetworkManager/NetworkManager.conf
[   32.841946] NetworkManager[980]: <info> WEXT support is enabled
[   32.853764] abrtd[981]: Init complete, entering main loop
[   32.887469] auditd[966]: Init complete, auditd 2.2.1 listening for events (startup state enable)
[   32.918006] avahi-daemon[994]: Found user 'avahi' (UID 70) and group 'avahi' (GID 70).
[   32.918213] avahi-daemon[994]: Successfully dropped root privileges.
[   32.918664] avahi-daemon[994]: avahi-daemon 0.6.30 starting up.
[   32.927952] acpid[1002]: starting up with netlink and the input layer
[   32.928493] acpid[1002]: skipping incomplete file /etc/acpi/events/videoconf
[   32.928548] acpid[1002]: 1 rule loaded
[   32.928682] acpid[1002]: waiting for events: event logging is off
[   32.945898] avahi-daemon[994]: WARNING: No NSS support for mDNS detected, consider installing nss-mdns!
[   33.145070] chronyd[1021]: chronyd version 1.26-20110831gitb088b7 starting
[   33.145571] chronyd[1021]: Linux kernel major=3 minor=6 patch=11
[   33.145591] chronyd[1021]: hz=100 shift_hz=7 freq_scale=1.00000000 nominal_tick=10000 slew_delta_tick=833 max_tick_bias=1000
[   33.146774] chronyd[1021]: Frequency -1.149 +- 0.640 ppm read from /var/lib/chrony/drift
[   33.256412] avahi-daemon[994]: Successfully called chroot().
[   33.256421] avahi-daemon[994]: Successfully dropped remaining capabilities.
[   33.256458] avahi-daemon[994]: Loading service file /services/ssh.service.
[   33.256549] avahi-daemon[994]: Loading service file /services/udisks.service.
[   33.256668] avahi-daemon[994]: System host name is set to 'localhost'. This is not a suitable mDNS host name, looking for alternatives.
[   33.257013] systemd-logind[1017]: New seat seat0.
[   33.258675] NetworkManager[980]: <info> VPN: loaded org.freedesktop.NetworkManager.openconnect
[   33.258679] NetworkManager[980]: <info> VPN: loaded org.freedesktop.NetworkManager.pptp
[   33.258709] NetworkManager[980]: <info> VPN: loaded org.freedesktop.NetworkManager.openvpn
[   33.258776] NetworkManager[980]: <info> VPN: loaded org.freedesktop.NetworkManager.vpnc
[   33.264128] dbus[1026]: [system] Activating service name='org.freedesktop.PolicyKit1' (using servicehelper)
[   33.264137] dbus-daemon[1026]: dbus[1026]: [system] Activating service name='org.freedesktop.PolicyKit1' (using servicehelper)
[   33.317113] avahi-daemon[994]: Network interface enumeration completed.
[   33.317293] avahi-daemon[994]: Registering HINFO record with values 'X86_64'/'LINUX'.
[   33.317395] avahi-daemon[994]: Server startup complete. Host name is linux.local. Local service cookie is 1562439707.
[   33.317443] avahi-daemon[994]: Service "linux" (/services/udisks.service) successfully established.
[   33.317478] avahi-daemon[994]: Service "linux" (/services/ssh.service) successfully established.
[   33.320959] tcsd[1047]: tpm_tis                19118  0
[   33.320966] tcsd[1047]: tpm                    25648  1 tpm_tis
[   33.320971] tcsd[1047]: tpm_bios               13529  1 tpm
[   33.325447] /usr/sbin/crond[1037]: (CRON) INFO (running with inotify support)
[   33.335242] Loading iSCSI transport class v2.0-870.
[   33.337710] iscsi: registered transport (tcp)
[   33.345069] iscsi: registered transport (iser)
[   33.349669] libcxgbi:libcxgbi_init_module: tag itt 0x1fff, 13 bits, age 0xf, 4 bits.
[   33.349672] libcxgbi:ddp_setup_host_page_size: system PAGE 4096, ddp idx 0.
[   33.350605] Chelsio T3 iSCSI Driver cxgb3i v2.0.0 (Jun. 2010)
[   33.350701] iscsi: registered transport (cxgb3i)
[   33.353542] Chelsio T4 iSCSI Driver cxgb4i v0.9.1 (Aug. 2010)
[   33.353562] iscsi: registered transport (cxgb4i)
[   33.355287] cnic: Broadcom NetXtreme II CNIC Driver cnic v2.5.12 (June 29, 2012)
[   33.355773] Broadcom NetXtreme II iSCSI Driver bnx2i v2.7.2.2 (Apr 25, 2012)
[   33.355796] iscsi: registered transport (bnx2i)
[   33.359102] iscsi: registered transport (be2iscsi)
[   33.479352] 8021q: 802.1Q VLAN Support v1.8
[   33.482328] iwlwifi 0000:03:00.0: L1 Enabled; Disabling L0S
[   33.482539] iwlwifi 0000:03:00.0: Radio type=0x1-0x2-0x0
[   33.767864] iwlwifi 0000:03:00.0: L1 Enabled; Disabling L0S
[   33.768167] iwlwifi 0000:03:00.0: Radio type=0x1-0x2-0x0
[   33.890049] IPv6: ADDRCONF(NETDEV_UP): wlan0: link is not ready
[   42.711640] fuse init (API version 7.20)
[   49.428762] lp: driver loaded but no devices found
[   49.432990] ppdev: user-space parallel port driver
[   57.036814] TCP: lp registered
[   62.225753] wlan0: authenticate with 00:1c:f6:62:f3:01
[   62.231317] wlan0: send auth to 00:1c:f6:62:f3:01 (try 1/3)
[   62.234065] wlan0: authenticated
[   62.234957] wlan0: associate with 00:1c:f6:62:f3:01 (try 1/3)
[   62.237779] wlan0: RX AssocResp from 00:1c:f6:62:f3:01 (capab=0x431 status=0 aid=29)
[   62.240069] wlan0: associated
[   62.240094] IPv6: ADDRCONF(NETDEV_CHANGE): wlan0: link becomes ready
[   62.240151] cfg80211: Calling CRDA for country: CN
[   62.242635] cfg80211: Regulatory domain changed to country: CN
[   62.242637] cfg80211:   (start_freq - end_freq @ bandwidth), (max_antenna_gain, max_eirp)
[   62.242639] cfg80211:   (2402000 KHz - 2482000 KHz @ 40000 KHz), (N/A, 2000 mBm)
[   62.242640] cfg80211:   (5735000 KHz - 5835000 KHz @ 40000 KHz), (N/A, 3000 mBm)
[   72.092059] Bridge firewalling registered
[   72.221923] e1000e 0000:00:19.0: irq 44 for MSI/MSI-X
[   72.322863] e1000e 0000:00:19.0: irq 44 for MSI/MSI-X
[   72.323156] IPv6: ADDRCONF(NETDEV_UP): em1: link is not ready
[   72.325845] device em1 entered promiscuous mode
[   72.455027] IPv6: ADDRCONF(NETDEV_UP): switch: link is not ready
[   75.981267] e1000e: em1 NIC Link is Up 1000 Mbps Full Duplex, Flow Control: None
[   75.981347] IPv6: ADDRCONF(NETDEV_CHANGE): em1: link becomes ready
[   75.981463] switch: port 1(em1) entered forwarding state
[   75.981496] switch: port 1(em1) entered forwarding state
[   75.981574] IPv6: ADDRCONF(NETDEV_CHANGE): switch: link becomes ready
[   78.643638] scsi6 : iSCSI Initiator over TCP/IP
[   78.648062]  connection1:0: detected conn error (1020)
[   78.648102] scsi7 : iSCSI Initiator over TCP/IP
[   78.652546] scsi8 : iSCSI Initiator over TCP/IP
[   78.652577]  connection2:0: detected conn error (1020)
[   78.656074]  connection3:0: detected conn error (1020)
[   78.745433] NFSD: Using /var/lib/nfs/v4recovery as the NFSv4 state recovery directory
[   78.747294] NFSD: starting 90-second grace period
[   82.232173] device virbr0-nic entered promiscuous mode
[   82.310372] nf_conntrack version 0.5.0 (16384 buckets, 65536 max)
[   82.363666] IPv6: ADDRCONF(NETDEV_UP): virbr0: link is not ready
[   82.468750] Ebtables v2.0 registered
[   82.487362] ip6_tables: (C) 2000-2006 Netfilter Core Team
[ 1261.548447] cfg80211: Calling CRDA to update world regulatory domain
[ 1261.554828] cfg80211: World regulatory domain updated:
[ 1261.554835] cfg80211:   (start_freq - end_freq @ bandwidth), (max_antenna_gain, max_eirp)
[ 1261.554841] cfg80211:   (2402000 KHz - 2472000 KHz @ 40000 KHz), (300 mBi, 2000 mBm)
[ 1261.554845] cfg80211:   (2457000 KHz - 2482000 KHz @ 20000 KHz), (300 mBi, 2000 mBm)
[ 1261.554848] cfg80211:   (2474000 KHz - 2494000 KHz @ 20000 KHz), (300 mBi, 2000 mBm)
[ 1261.554851] cfg80211:   (5170000 KHz - 5250000 KHz @ 40000 KHz), (300 mBi, 2000 mBm)
[ 1261.554854] cfg80211:   (5735000 KHz - 5835000 KHz @ 40000 KHz), (300 mBi, 2000 mBm)
[ 1261.554882] cfg80211: Calling CRDA for country: CN
[ 1261.561509] cfg80211: Regulatory domain changed to country: CN
[ 1261.561516] cfg80211:   (start_freq - end_freq @ bandwidth), (max_antenna_gain, max_eirp)
[ 1261.561521] cfg80211:   (2402000 KHz - 2482000 KHz @ 40000 KHz), (N/A, 2000 mBm)
[ 1261.561525] cfg80211:   (5735000 KHz - 5835000 KHz @ 40000 KHz), (N/A, 3000 mBm)
[ 1262.793217] wlan0: authenticate with 00:1c:f6:62:f3:01
[ 1262.795573] wlan0: send auth to 00:1c:f6:62:f3:01 (try 1/3)
[ 1262.799755] wlan0: authenticated
[ 1262.800740] wlan0: associate with 00:1c:f6:62:f3:01 (try 1/3)
[ 1262.805204] wlan0: RX AssocResp from 00:1c:f6:62:f3:01 (capab=0x31 status=0 aid=29)
[ 1262.807911] wlan0: associated
[ 1262.807976] cfg80211: Calling CRDA for country: CN
[ 1262.809925] cfg80211: Regulatory domain changed to country: CN
[ 1262.809927] cfg80211:   (start_freq - end_freq @ bandwidth), (max_antenna_gain, max_eirp)
[ 1262.809928] cfg80211:   (2402000 KHz - 2482000 KHz @ 40000 KHz), (N/A, 2000 mBm)
[ 1262.809929] cfg80211:   (5735000 KHz - 5835000 KHz @ 40000 KHz), (N/A, 3000 mBm)
[ 3601.686183] wlan0: authenticate with 00:1c:f6:62:f3:e1
[ 3601.706748] wlan0: send auth to 00:1c:f6:62:f3:e1 (try 1/3)
[ 3601.709709] wlan0: authenticated
[ 3601.710819] wlan0: associate with 00:1c:f6:62:f3:e1 (try 1/3)
[ 3601.714231] wlan0: RX AssocResp from 00:1c:f6:62:f3:e1 (capab=0x31 status=0 aid=35)
[ 3601.728805] wlan0: associated
[ 3841.465956] wlan0: authenticate with 00:1c:f6:62:f1:d1
[ 3841.485546] wlan0: send auth to 00:1c:f6:62:f1:d1 (try 1/3)
[ 3841.488428] wlan0: authenticated
[ 3841.488797] wlan0: waiting for beacon from 00:1c:f6:62:f1:d1
[ 3841.547615] wlan0: associate with 00:1c:f6:62:f1:d1 (try 1/3)
[ 3841.551480] wlan0: RX AssocResp from 00:1c:f6:62:f1:d1 (capab=0x31 status=0 aid=11)
[ 3841.555171] wlan0: associated
[ 7198.749652] wlan0: authenticate with 00:1c:f6:62:f3:01
[ 7198.771424] wlan0: send auth to 00:1c:f6:62:f3:01 (try 1/3)
[ 7198.774538] wlan0: authenticated
[ 7198.774851] wlan0: waiting for beacon from 00:1c:f6:62:f3:01
[ 7198.825047] wlan0: associate with 00:1c:f6:62:f3:01 (try 1/3)
[ 7198.827981] wlan0: RX AssocResp from 00:1c:f6:62:f3:01 (capab=0x31 status=0 aid=8)
[ 7198.830825] wlan0: associated
[ 9120.014261] wlan0: authenticate with 00:1c:f6:62:f3:e1
[ 9120.035338] wlan0: send auth to 00:1c:f6:62:f3:e1 (try 1/3)
[ 9120.039523] wlan0: authenticated
[ 9120.040066] wlan0: associate with 00:1c:f6:62:f3:e1 (try 1/3)
[ 9120.042976] wlan0: RX AssocResp from 00:1c:f6:62:f3:e1 (capab=0x31 status=0 aid=19)
[ 9120.048783] wlan0: associated
[12357.956133] wlan0: authenticate with 00:1c:f6:62:f3:01
[12357.975196] wlan0: send auth to 00:1c:f6:62:f3:01 (try 1/3)
[12357.978138] wlan0: authenticated
[12357.978489] wlan0: waiting for beacon from 00:1c:f6:62:f3:01
[12358.037741] wlan0: associate with 00:1c:f6:62:f3:01 (try 1/3)
[12358.040860] wlan0: RX AssocResp from 00:1c:f6:62:f3:01 (capab=0x31 status=0 aid=14)
[12358.043875] wlan0: associated
[14638.854661] wlan0: authenticate with 00:1c:f6:62:f3:e1
[14638.876628] wlan0: send auth to 00:1c:f6:62:f3:e1 (try 1/3)
[14638.878994] wlan0: authenticated
[14638.879722] wlan0: associate with 00:1c:f6:62:f3:e1 (try 1/3)
[14638.883392] wlan0: RX AssocResp from 00:1c:f6:62:f3:e1 (capab=0x31 status=0 aid=6)
[14638.887215] wlan0: associated
[14998.072438] wlan0: authenticate with 00:1c:f6:62:f3:01
[14998.094844] wlan0: send auth to 00:1c:f6:62:f3:01 (try 1/3)
[14998.099757] wlan0: authenticated
[14998.100716] wlan0: associate with 00:1c:f6:62:f3:01 (try 1/3)
[14998.103590] wlan0: RX AssocResp from 00:1c:f6:62:f3:01 (capab=0x31 status=0 aid=26)
[14998.106080] wlan0: associated
[15717.923764] wlan0: authenticate with 00:1c:f6:62:f1:d1
[15717.942650] wlan0: direct probe to 00:1c:f6:62:f1:d1 (try 1/3)
[15718.143313] wlan0: send auth to 00:1c:f6:62:f1:d1 (try 2/3)
[15718.145227] wlan0: authenticated
[15718.146275] wlan0: associate with 00:1c:f6:62:f1:d1 (try 1/3)
[15718.152556] wlan0: RX AssocResp from 00:1c:f6:62:f1:d1 (capab=0x31 status=0 aid=65)
[15718.154957] wlan0: associated
[15838.070879] wlan0: authenticate with 00:1c:f6:62:f3:01
[15838.089658] wlan0: send auth to 00:1c:f6:62:f3:01 (try 1/3)
[15838.092577] wlan0: authenticated
[15838.093255] wlan0: associate with 00:1c:f6:62:f3:01 (try 1/3)
[15838.096677] wlan0: RX AssocResp from 00:1c:f6:62:f3:01 (capab=0x31 status=0 aid=17)
[15838.099662] wlan0: associated
[15957.568131] wlan0: authenticate with 00:1c:f6:62:f3:e1
[15957.588778] wlan0: send auth to 00:1c:f6:62:f3:e1 (try 1/3)
[15957.590771] wlan0: authenticated
[15957.591112] wlan0: waiting for beacon from 00:1c:f6:62:f3:e1
[15963.873534] wlan0: authenticate with 00:1c:f6:62:f1:d1
[15963.892705] wlan0: send auth to 00:1c:f6:62:f1:d1 (try 1/3)
[15963.895578] wlan0: authenticated
[15963.896339] wlan0: associate with 00:1c:f6:62:f1:d1 (try 1/3)
[15963.899435] wlan0: RX AssocResp from 00:1c:f6:62:f1:d1 (capab=0x31 status=0 aid=22)
[15963.902561] wlan0: associated
[17517.034084] wlan0: authenticate with 00:1c:f6:62:f3:e1
[17517.053382] wlan0: send auth to 00:1c:f6:62:f3:e1 (try 1/3)
[17517.056212] wlan0: authenticated
[17517.056644] wlan0: associate with 00:1c:f6:62:f3:e1 (try 1/3)
[17517.059655] wlan0: RX AssocResp from 00:1c:f6:62:f3:e1 (capab=0x31 status=0 aid=31)
[17517.062881] wlan0: associated
[17877.179980] wlan0: authenticate with 00:1c:f6:62:f1:d1
[17877.198856] wlan0: send auth to 00:1c:f6:62:f1:d1 (try 1/3)
[17877.202398] wlan0: authenticated
[17877.202934] wlan0: associate with 00:1c:f6:62:f1:d1 (try 1/3)
[17877.205903] wlan0: RX AssocResp from 00:1c:f6:62:f1:d1 (capab=0x31 status=0 aid=43)
[17877.209757] wlan0: associated
[18357.271073] wlan0: authenticate with 00:1c:f6:62:f3:e1
[18357.291226] wlan0: send auth to 00:1c:f6:62:f3:e1 (try 1/3)
[18357.296776] wlan0: authenticated
[18357.297697] wlan0: associate with 00:1c:f6:62:f3:e1 (try 1/3)
[18357.304601] wlan0: RX AssocResp from 00:1c:f6:62:f3:e1 (capab=0x31 status=0 aid=32)
[18357.308085] wlan0: associated
[18716.713121] wlan0: authenticate with 00:1c:f6:62:f1:d1
[18716.736807] wlan0: send auth to 00:1c:f6:62:f1:d1 (try 1/3)
[18716.738824] wlan0: authenticated
[18716.739804] wlan0: associate with 00:1c:f6:62:f1:d1 (try 1/3)
[18716.744134] wlan0: RX AssocResp from 00:1c:f6:62:f1:d1 (capab=0x31 status=0 aid=43)
[18716.761839] wlan0: associated
[19913.894607] wlan0: authenticate with 00:1c:f6:62:f3:01
[19913.913588] wlan0: send auth to 00:1c:f6:62:f3:01 (try 1/3)
[19913.916463] wlan0: authenticated
[19913.916786] wlan0: waiting for beacon from 00:1c:f6:62:f3:01
[19913.921415] wlan0: associate with 00:1c:f6:62:f3:01 (try 1/3)
[19913.924407] wlan0: RX AssocResp from 00:1c:f6:62:f3:01 (capab=0x31 status=0 aid=14)
[19913.929009] wlan0: associated
[20395.818874] cfg80211: Calling CRDA to update world regulatory domain
[20395.959014] cfg80211: World regulatory domain updated:
[20395.959022] cfg80211:   (start_freq - end_freq @ bandwidth), (max_antenna_gain, max_eirp)
[20395.959027] cfg80211:   (2402000 KHz - 2472000 KHz @ 40000 KHz), (300 mBi, 2000 mBm)
[20395.959031] cfg80211:   (2457000 KHz - 2482000 KHz @ 20000 KHz), (300 mBi, 2000 mBm)
[20395.959034] cfg80211:   (2474000 KHz - 2494000 KHz @ 20000 KHz), (300 mBi, 2000 mBm)
[20395.959037] cfg80211:   (5170000 KHz - 5250000 KHz @ 40000 KHz), (300 mBi, 2000 mBm)
[20395.959040] cfg80211:   (5735000 KHz - 5835000 KHz @ 40000 KHz), (300 mBi, 2000 mBm)
[20395.959064] cfg80211: Calling CRDA for country: CN
[20395.965911] cfg80211: Regulatory domain changed to country: CN
[20395.965918] cfg80211:   (start_freq - end_freq @ bandwidth), (max_antenna_gain, max_eirp)
[20395.965923] cfg80211:   (2402000 KHz - 2482000 KHz @ 40000 KHz), (N/A, 2000 mBm)
[20395.965926] cfg80211:   (5735000 KHz - 5835000 KHz @ 40000 KHz), (N/A, 3000 mBm)
[20396.518214] iwlwifi 0000:03:00.0: Microcode SW error detected.  Restarting 0x2000000.
[20396.518225] iwlwifi 0000:03:00.0: CSR values:
[20396.518229] iwlwifi 0000:03:00.0: (2nd byte of CSR_INT_COALESCING is CSR_INT_PERIODIC_REG)
[20396.518261] iwlwifi 0000:03:00.0:        CSR_HW_IF_CONFIG_REG: 0X00488700
[20396.518293] iwlwifi 0000:03:00.0:          CSR_INT_COALESCING: 0X0000ff40
[20396.518322] iwlwifi 0000:03:00.0:                     CSR_INT: 0X00000000
[20396.518353] iwlwifi 0000:03:00.0:                CSR_INT_MASK: 0X00000000
[20396.518382] iwlwifi 0000:03:00.0:           CSR_FH_INT_STATUS: 0X00000000
[20396.518414] iwlwifi 0000:03:00.0:                 CSR_GPIO_IN: 0X00000030
[20396.518443] iwlwifi 0000:03:00.0:                   CSR_RESET: 0X00000000
[20396.518474] iwlwifi 0000:03:00.0:                CSR_GP_CNTRL: 0X080403c5
[20396.518504] iwlwifi 0000:03:00.0:                  CSR_HW_REV: 0X000000b0
[20396.518535] iwlwifi 0000:03:00.0:              CSR_EEPROM_REG: 0X1b3a0ffd
[20396.518565] iwlwifi 0000:03:00.0:               CSR_EEPROM_GP: 0X90000001
[20396.518596] iwlwifi 0000:03:00.0:              CSR_OTP_GP_REG: 0X00030001
[20396.518625] iwlwifi 0000:03:00.0:                 CSR_GIO_REG: 0X00080042
[20396.518654] iwlwifi 0000:03:00.0:            CSR_GP_UCODE_REG: 0X0000f84e
[20396.518685] iwlwifi 0000:03:00.0:           CSR_GP_DRIVER_REG: 0X00000000
[20396.518714] iwlwifi 0000:03:00.0:           CSR_UCODE_DRV_GP1: 0X00000000
[20396.518745] iwlwifi 0000:03:00.0:           CSR_UCODE_DRV_GP2: 0X00000000
[20396.518774] iwlwifi 0000:03:00.0:                 CSR_LED_REG: 0X00000058
[20396.518803] iwlwifi 0000:03:00.0:        CSR_DRAM_INT_TBL_REG: 0X881149c7
[20396.518834] iwlwifi 0000:03:00.0:        CSR_GIO_CHICKEN_BITS: 0X27800200
[20396.518863] iwlwifi 0000:03:00.0:             CSR_ANA_PLL_CFG: 0X00000000
[20396.518895] iwlwifi 0000:03:00.0:           CSR_HW_REV_WA_REG: 0X0001001a
[20396.518924] iwlwifi 0000:03:00.0:        CSR_DBG_HPET_MEM_REG: 0Xffff0000
[20396.518928] iwlwifi 0000:03:00.0: FH register values:
[20396.518971] iwlwifi 0000:03:00.0:         FH_RSCSR_CHNL0_STTS_WPTR_REG: 0X036a6d00
[20396.519012] iwlwifi 0000:03:00.0:        FH_RSCSR_CHNL0_RBDCB_BASE_REG: 0X00ce7670
[20396.519055] iwlwifi 0000:03:00.0:                  FH_RSCSR_CHNL0_WPTR: 0X000000c8
[20396.519098] iwlwifi 0000:03:00.0:         FH_MEM_RCSR_CHNL0_CONFIG_REG: 0X80811104
[20396.519148] iwlwifi 0000:03:00.0:          FH_MEM_RSSR_SHARED_CTRL_REG: 0X000000fc
[20396.519187] iwlwifi 0000:03:00.0:            FH_MEM_RSSR_RX_STATUS_REG: 0X07030000
[20396.519226] iwlwifi 0000:03:00.0:    FH_MEM_RSSR_RX_ENABLE_ERR_IRQ2DRV: 0X00000000
[20396.519265] iwlwifi 0000:03:00.0:                FH_TSSR_TX_STATUS_REG: 0X07ff0001
[20396.519304] iwlwifi 0000:03:00.0:                 FH_TSSR_TX_ERROR_REG: 0X00000000
[20396.519309] iwlwifi 0000:03:00.0: Loaded firmware version: 17.168.5.3 build 42301
[20396.519481] iwlwifi 0000:03:00.0: Start IWL Error Log Dump:
[20396.519486] iwlwifi 0000:03:00.0: Status: 0x000022CC, count: 6
[20396.519491] iwlwifi 0000:03:00.0: 0x000014E6 | ADVANCED_SYSASSERT          
[20396.519495] iwlwifi 0000:03:00.0: 0x00016140 | uPc
[20396.519498] iwlwifi 0000:03:00.0: 0x0001609A | branchlink1
[20396.519502] iwlwifi 0000:03:00.0: 0x0001609A | branchlink2
[20396.519506] iwlwifi 0000:03:00.0: 0x0000D1F2 | interruptlink1
[20396.519510] iwlwifi 0000:03:00.0: 0x00000000 | interruptlink2
[20396.519513] iwlwifi 0000:03:00.0: 0x00000024 | data1
[20396.519517] iwlwifi 0000:03:00.0: 0x000000E1 | data2
[20396.519520] iwlwifi 0000:03:00.0: 0x00000235 | line
[20396.519524] iwlwifi 0000:03:00.0: 0x01818955 | beacon time
[20396.519528] iwlwifi 0000:03:00.0: 0x000966AA | tsf low
[20396.519531] iwlwifi 0000:03:00.0: 0x00000000 | tsf hi
[20396.519535] iwlwifi 0000:03:00.0: 0x00000000 | time gp1
[20396.519539] iwlwifi 0000:03:00.0: 0xBC91C4F3 | time gp2
[20396.519542] iwlwifi 0000:03:00.0: 0x00000000 | time gp3
[20396.519546] iwlwifi 0000:03:00.0: 0x000111A8 | uCode version
[20396.519549] iwlwifi 0000:03:00.0: 0x000000B0 | hw version
[20396.519553] iwlwifi 0000:03:00.0: 0x00488700 | board version
[20396.519557] iwlwifi 0000:03:00.0: 0x09E20080 | hcmd
[20396.519560] iwlwifi 0000:03:00.0: 0x2FC63080 | isr0
[20396.519564] iwlwifi 0000:03:00.0: 0x11006000 | isr1
[20396.519567] iwlwifi 0000:03:00.0: 0x00000E1A | isr2
[20396.519571] iwlwifi 0000:03:00.0: 0x014600C2 | isr3
[20396.519574] iwlwifi 0000:03:00.0: 0x00000000 | isr4
[20396.519578] iwlwifi 0000:03:00.0: 0x01000112 | isr_pref
[20396.519581] iwlwifi 0000:03:00.0: 0x0001966E | wait_event
[20396.519585] iwlwifi 0000:03:00.0: 0x0000AF72 | l2p_control
[20396.519589] iwlwifi 0000:03:00.0: 0x00007E00 | l2p_duration
[20396.519592] iwlwifi 0000:03:00.0: 0x00000003 | l2p_mhvalid
[20396.519596] iwlwifi 0000:03:00.0: 0x00200200 | l2p_addr_match
[20396.519599] iwlwifi 0000:03:00.0: 0x00000005 | lmpm_pmg_sel
[20396.519603] iwlwifi 0000:03:00.0: 0x07061735 | timestamp
[20396.519606] iwlwifi 0000:03:00.0: 0x0000C8D8 | flow_handler
[20396.519707] iwlwifi 0000:03:00.0: Start IWL Event Log Dump: display last 20 entries
[20396.519753] iwlwifi 0000:03:00.0: EVT_LOGT:3163668538:0x00000019:0484
[20396.519792] iwlwifi 0000:03:00.0: EVT_LOGT:3163668547:0x0000007a:1108
[20396.519831] iwlwifi 0000:03:00.0: EVT_LOGT:3163668547:0x00000024:1108
[20396.519867] iwlwifi 0000:03:00.0: EVT_LOGT:3163668547:0x00000001:1108
[20396.519906] iwlwifi 0000:03:00.0: EVT_LOGT:3163668548:0x00000033:1108
[20396.519943] iwlwifi 0000:03:00.0: EVT_LOGT:3163668552:0x00000001:0463
[20396.519988] iwlwifi 0000:03:00.0: EVT_LOGT:3163668553:0x00000001:0462
[20396.520024] iwlwifi 0000:03:00.0: EVT_LOGT:3163668583:0x00000001:1575
[20396.520062] iwlwifi 0000:03:00.0: EVT_LOGT:3163669022:0x000001bb:0602
[20396.520098] iwlwifi 0000:03:00.0: EVT_LOGT:3163669081:0x000000fa:0106
[20396.520134] iwlwifi 0000:03:00.0: EVT_LOGT:3163669083:0x00000000:0301
[20396.520173] iwlwifi 0000:03:00.0: EVT_LOGT:3163669174:0x00000000:0301
[20396.520217] iwlwifi 0000:03:00.0: EVT_LOGT:3163669443:0x00000000:0301
[20396.520287] iwlwifi 0000:03:00.0: EVT_LOGT:3163669534:0x00000000:0301
[20396.520341] iwlwifi 0000:03:00.0: EVT_LOGT:3163669621:0x00000000:0301
[20396.520395] iwlwifi 0000:03:00.0: EVT_LOGT:3163669713:0x09e20080:0401
[20396.520443] iwlwifi 0000:03:00.0: EVT_LOGT:3163669714:0x09e20080:0700
[20396.520495] iwlwifi 0000:03:00.0: EVT_LOGT:3163669715:0x00000000:0706
[20396.520542] iwlwifi 0000:03:00.0: EVT_LOGT:3163669743:0x00000018:0452
[20396.520589] iwlwifi 0000:03:00.0: EVT_LOGT:3163669766:0x00000000:0125
[20398.514823] iwlwifi 0000:03:00.0: Error sending REPLY_SCAN_CMD: time out after 2000ms.
[20398.514835] iwlwifi 0000:03:00.0: Current CMD queue read_ptr 226 write_ptr 227
[20398.515408] ieee80211 phy0: Hardware restart was requested
[20398.515544] iwlwifi 0000:03:00.0: L1 Enabled; Disabling L0S
[20398.515782] iwlwifi 0000:03:00.0: Radio type=0x1-0x2-0x0
[20398.647284] wlan0: authenticate with 00:1c:f6:62:f3:e1
[20398.670762] wlan0: send auth to 00:1c:f6:62:f3:e1 (try 1/3)
[20398.673358] wlan0: authenticated
[20398.674676] wlan0: associate with 00:1c:f6:62:f3:e1 (try 1/3)
[20398.684901] wlan0: RX AssocResp from 00:1c:f6:62:f3:e1 (capab=0x31 status=0 aid=23)
[20398.689974] wlan0: associated
[20398.690156] cfg80211: Calling CRDA for country: CN
[20398.696511] cfg80211: Regulatory domain changed to country: CN
[20398.696514] cfg80211:   (start_freq - end_freq @ bandwidth), (max_antenna_gain, max_eirp)
[20398.696516] cfg80211:   (2402000 KHz - 2482000 KHz @ 40000 KHz), (N/A, 2000 mBm)
[20398.696518] cfg80211:   (5735000 KHz - 5835000 KHz @ 40000 KHz), (N/A, 3000 mBm)
[20543.350970] cfg80211: Calling CRDA to update world regulatory domain
[20543.355219] cfg80211: World regulatory domain updated:
[20543.355226] cfg80211:   (start_freq - end_freq @ bandwidth), (max_antenna_gain, max_eirp)
[20543.355231] cfg80211:   (2402000 KHz - 2472000 KHz @ 40000 KHz), (300 mBi, 2000 mBm)
[20543.355234] cfg80211:   (2457000 KHz - 2482000 KHz @ 20000 KHz), (300 mBi, 2000 mBm)
[20543.355238] cfg80211:   (2474000 KHz - 2494000 KHz @ 20000 KHz), (300 mBi, 2000 mBm)
[20543.355241] cfg80211:   (5170000 KHz - 5250000 KHz @ 40000 KHz), (300 mBi, 2000 mBm)
[20543.355244] cfg80211:   (5735000 KHz - 5835000 KHz @ 40000 KHz), (300 mBi, 2000 mBm)
[20543.355270] cfg80211: Calling CRDA for country: CN
[20543.360702] cfg80211: Regulatory domain changed to country: CN
[20543.360709] cfg80211:   (start_freq - end_freq @ bandwidth), (max_antenna_gain, max_eirp)
[20543.360714] cfg80211:   (2402000 KHz - 2482000 KHz @ 40000 KHz), (N/A, 2000 mBm)
[20543.360718] cfg80211:   (5735000 KHz - 5835000 KHz @ 40000 KHz), (N/A, 3000 mBm)
[20544.689426] wlan0: authenticate with 00:1c:f6:62:f1:d1
[20544.710840] wlan0: send auth to 00:1c:f6:62:f1:d1 (try 1/3)
[20544.714849] wlan0: authenticated
[20544.715421] wlan0: associate with 00:1c:f6:62:f1:d1 (try 1/3)
[20544.718775] wlan0: RX AssocResp from 00:1c:f6:62:f1:d1 (capab=0x31 status=0 aid=8)
[20544.733849] wlan0: associated
[20544.734022] cfg80211: Calling CRDA for country: CN
[20544.740139] cfg80211: Regulatory domain changed to country: CN
[20544.740145] cfg80211:   (start_freq - end_freq @ bandwidth), (max_antenna_gain, max_eirp)
[20544.740150] cfg80211:   (2402000 KHz - 2482000 KHz @ 40000 KHz), (N/A, 2000 mBm)
[20544.740153] cfg80211:   (5735000 KHz - 5835000 KHz @ 40000 KHz), (N/A, 3000 mBm)
[21353.609770] wlan0: authenticate with 00:1c:f6:62:f3:01
[21353.633162] wlan0: send auth to 00:1c:f6:62:f3:01 (try 1/3)
[21353.638686] wlan0: authenticated
[21353.639223] wlan0: associate with 00:1c:f6:62:f3:01 (try 1/3)
[21353.643325] wlan0: RX AssocResp from 00:1c:f6:62:f3:01 (capab=0x31 status=0 aid=28)
[21353.656464] wlan0: associated
[23756.375263] wlan0: authenticate with 00:1c:f6:62:f3:e1
[23756.396022] wlan0: send auth to 00:1c:f6:62:f3:e1 (try 1/3)
[23756.397984] wlan0: authenticated
[23756.399541] wlan0: associate with 00:1c:f6:62:f3:e1 (try 1/3)
[23756.402554] wlan0: RX AssocResp from 00:1c:f6:62:f3:e1 (capab=0x31 status=0 aid=18)
[23756.405481] wlan0: associated
[23837.696943] ALSA sound/pci/hda/hda_intel.c:2142 Unstable LPIB (352780 >= 176400); disabling LPIB delay counting
[26031.934038] cfg80211: Calling CRDA to update world regulatory domain
[26031.984533] cfg80211: World regulatory domain updated:
[26031.984540] cfg80211:   (start_freq - end_freq @ bandwidth), (max_antenna_gain, max_eirp)
[26031.984545] cfg80211:   (2402000 KHz - 2472000 KHz @ 40000 KHz), (300 mBi, 2000 mBm)
[26031.984549] cfg80211:   (2457000 KHz - 2482000 KHz @ 20000 KHz), (300 mBi, 2000 mBm)
[26031.984552] cfg80211:   (2474000 KHz - 2494000 KHz @ 20000 KHz), (300 mBi, 2000 mBm)
[26031.984555] cfg80211:   (5170000 KHz - 5250000 KHz @ 40000 KHz), (300 mBi, 2000 mBm)
[26031.984558] cfg80211:   (5735000 KHz - 5835000 KHz @ 40000 KHz), (300 mBi, 2000 mBm)
[26031.984927] cfg80211: Calling CRDA for country: CN
[26031.989620] cfg80211: Regulatory domain changed to country: CN
[26031.989626] cfg80211:   (start_freq - end_freq @ bandwidth), (max_antenna_gain, max_eirp)
[26031.989630] cfg80211:   (2402000 KHz - 2482000 KHz @ 40000 KHz), (N/A, 2000 mBm)
[26031.989643] cfg80211:   (5735000 KHz - 5835000 KHz @ 40000 KHz), (N/A, 3000 mBm)
[26033.261263] wlan0: authenticate with 00:1c:f6:62:f3:e1
[26033.279726] wlan0: send auth to 00:1c:f6:62:f3:e1 (try 1/3)
[26033.296851] wlan0: authenticated
[26033.297341] wlan0: associate with 00:1c:f6:62:f3:e1 (try 1/3)
[26033.307821] wlan0: RX AssocResp from 00:1c:f6:62:f3:e1 (capab=0x31 status=0 aid=18)
[26033.324342] wlan0: associated
[26033.324540] cfg80211: Calling CRDA for country: CN
[26033.330791] cfg80211: Regulatory domain changed to country: CN
[26033.330798] cfg80211:   (start_freq - end_freq @ bandwidth), (max_antenna_gain, max_eirp)
[26033.330803] cfg80211:   (2402000 KHz - 2482000 KHz @ 40000 KHz), (N/A, 2000 mBm)
[26033.330807] cfg80211:   (5735000 KHz - 5835000 KHz @ 40000 KHz), (N/A, 3000 mBm)
[26634.444137] wlan0: authenticate with 00:1c:f6:62:f3:01
[26634.463785] wlan0: send auth to 00:1c:f6:62:f3:01 (try 1/3)
[26634.467537] wlan0: authenticated
[26634.468725] wlan0: associate with 00:1c:f6:62:f3:01 (try 1/3)
[26634.475136] wlan0: RX AssocResp from 00:1c:f6:62:f3:01 (capab=0x31 status=0 aid=16)
[26634.479775] wlan0: associated
[26692.403632] cfg80211: Calling CRDA to update world regulatory domain
[26692.409868] cfg80211: World regulatory domain updated:
[26692.409875] cfg80211:   (start_freq - end_freq @ bandwidth), (max_antenna_gain, max_eirp)
[26692.409880] cfg80211:   (2402000 KHz - 2472000 KHz @ 40000 KHz), (300 mBi, 2000 mBm)
[26692.409884] cfg80211:   (2457000 KHz - 2482000 KHz @ 20000 KHz), (300 mBi, 2000 mBm)
[26692.409888] cfg80211:   (2474000 KHz - 2494000 KHz @ 20000 KHz), (300 mBi, 2000 mBm)
[26692.409891] cfg80211:   (5170000 KHz - 5250000 KHz @ 40000 KHz), (300 mBi, 2000 mBm)
[26692.409894] cfg80211:   (5735000 KHz - 5835000 KHz @ 40000 KHz), (300 mBi, 2000 mBm)
[26692.410190] cfg80211: Calling CRDA for country: CN
[26692.416188] cfg80211: Regulatory domain changed to country: CN
[26692.416194] cfg80211:   (start_freq - end_freq @ bandwidth), (max_antenna_gain, max_eirp)
[26692.416199] cfg80211:   (2402000 KHz - 2482000 KHz @ 40000 KHz), (N/A, 2000 mBm)
[26692.416203] cfg80211:   (5735000 KHz - 5835000 KHz @ 40000 KHz), (N/A, 3000 mBm)
[26693.705617] wlan0: authenticate with 00:1c:f6:62:f3:e1
[26693.728101] wlan0: send auth to 00:1c:f6:62:f3:e1 (try 1/3)
[26693.742373] wlan0: authenticated
[26693.742931] wlan0: associate with 00:1c:f6:62:f3:e1 (try 1/3)
[26693.749879] wlan0: RX AssocResp from 00:1c:f6:62:f3:e1 (capab=0x31 status=0 aid=17)
[26693.761937] wlan0: associated
[26693.762092] cfg80211: Calling CRDA for country: CN
[26693.768275] cfg80211: Regulatory domain changed to country: CN
[26693.768282] cfg80211:   (start_freq - end_freq @ bandwidth), (max_antenna_gain, max_eirp)
[26693.768287] cfg80211:   (2402000 KHz - 2482000 KHz @ 40000 KHz), (N/A, 2000 mBm)
[26693.768291] cfg80211:   (5735000 KHz - 5835000 KHz @ 40000 KHz), (N/A, 3000 mBm)
[44986.361463] wlan0: authenticate with 00:1c:f6:62:f3:01
[44986.381408] wlan0: send auth to 00:1c:f6:62:f3:01 (try 1/3)
[44986.384787] wlan0: authenticated
[44986.385194] wlan0: waiting for beacon from 00:1c:f6:62:f3:01
[44986.434144] wlan0: associate with 00:1c:f6:62:f3:01 (try 1/3)
[44986.437208] wlan0: RX AssocResp from 00:1c:f6:62:f3:01 (capab=0x431 status=0 aid=2)
[44986.440474] wlan0: associated
[87180.187175] usb 2-1.1: new high-speed USB device number 4 using ehci_hcd
[87180.274819] usb 2-1.1: New USB device found, idVendor=2717, idProduct=f003
[87180.274829] usb 2-1.1: New USB device strings: Mfr=2, Product=3, SerialNumber=4
[87180.274834] usb 2-1.1: Product: MI 2
[87180.274839] usb 2-1.1: Manufacturer: Xiaomi
[87180.274843] usb 2-1.1: SerialNumber: 4e5e8b5
[87180.549308] Initializing USB Mass Storage driver...
[87180.549419] scsi9 : usb-storage 2-1.1:1.1
[87180.549500] usbcore: registered new interface driver usb-storage
[87180.549501] USB Mass Storage support registered.
[89373.096143] wlan0: authenticate with 00:1c:f6:62:f3:e1
[89373.115418] wlan0: send auth to 00:1c:f6:62:f3:e1 (try 1/3)
[89373.118843] wlan0: authenticated
[89373.119029] wlan0: associate with 00:1c:f6:62:f3:e1 (try 1/3)
[89373.129853] wlan0: RX AssocResp from 00:1c:f6:62:f3:e1 (capab=0x31 status=0 aid=53)
[89373.133031] wlan0: associated
[89494.678758] wlan0: authenticate with 00:1c:f6:62:f3:01
[89494.697211] wlan0: send auth to 00:1c:f6:62:f3:01 (try 1/3)
[89494.699921] wlan0: authenticated
[89494.700494] wlan0: associate with 00:1c:f6:62:f3:01 (try 1/3)
[89494.707846] wlan0: RX AssocResp from 00:1c:f6:62:f3:01 (capab=0x31 status=0 aid=4)
[89494.711225] wlan0: associated
[89974.110067] wlan0: authenticate with 00:1c:f6:62:f3:e1
[89974.129278] wlan0: send auth to 00:1c:f6:62:f3:e1 (try 1/3)
[89974.133730] wlan0: authenticated
[89974.134605] wlan0: associate with 00:1c:f6:62:f3:e1 (try 1/3)
[89974.143863] wlan0: RX AssocResp from 00:1c:f6:62:f3:e1 (capab=0x31 status=0 aid=31)
[89974.147939] wlan0: associated
[90094.264627] wlan0: authenticate with 00:1c:f6:62:f3:01
[90094.285220] wlan0: send auth to 00:1c:f6:62:f3:01 (try 1/3)
[90094.288078] wlan0: authenticated
[90094.288535] wlan0: associate with 00:1c:f6:62:f3:01 (try 1/3)
[90094.293850] wlan0: RX AssocResp from 00:1c:f6:62:f3:01 (capab=0x31 status=0 aid=4)
[90094.297180] wlan0: associated
[94173.604770] wlan0: authenticate with 00:1c:f6:62:f3:e1
[94173.626951] wlan0: send auth to 00:1c:f6:62:f3:e1 (try 1/3)
[94173.629854] wlan0: authenticated
[94173.630324] wlan0: associate with 00:1c:f6:62:f3:e1 (try 1/3)
[94173.633954] wlan0: RX AssocResp from 00:1c:f6:62:f3:e1 (capab=0x31 status=0 aid=15)
[94173.639610] wlan0: associated
[95012.196002] cfg80211: Calling CRDA to update world regulatory domain
[95012.238347] cfg80211: World regulatory domain updated:
[95012.238355] cfg80211:   (start_freq - end_freq @ bandwidth), (max_antenna_gain, max_eirp)
[95012.238360] cfg80211:   (2402000 KHz - 2472000 KHz @ 40000 KHz), (300 mBi, 2000 mBm)
[95012.238365] cfg80211:   (2457000 KHz - 2482000 KHz @ 20000 KHz), (300 mBi, 2000 mBm)
[95012.238368] cfg80211:   (2474000 KHz - 2494000 KHz @ 20000 KHz), (300 mBi, 2000 mBm)
[95012.238371] cfg80211:   (5170000 KHz - 5250000 KHz @ 40000 KHz), (300 mBi, 2000 mBm)
[95012.238374] cfg80211:   (5735000 KHz - 5835000 KHz @ 40000 KHz), (300 mBi, 2000 mBm)
[95012.238399] cfg80211: Calling CRDA for country: CN
[95012.244642] cfg80211: Regulatory domain changed to country: CN
[95012.244649] cfg80211:   (start_freq - end_freq @ bandwidth), (max_antenna_gain, max_eirp)
[95012.244653] cfg80211:   (2402000 KHz - 2482000 KHz @ 40000 KHz), (N/A, 2000 mBm)
[95012.244657] cfg80211:   (5735000 KHz - 5835000 KHz @ 40000 KHz), (N/A, 3000 mBm)
[95013.546778] wlan0: authenticate with 00:1c:f6:62:f3:e1
[95013.554406] wlan0: send auth to 00:1c:f6:62:f3:e1 (try 1/3)
[95013.558967] wlan0: authenticated
[95013.559327] wlan0: associate with 00:1c:f6:62:f3:e1 (try 1/3)
[95013.566068] wlan0: RX AssocResp from 00:1c:f6:62:f3:e1 (capab=0x31 status=0 aid=15)
[95013.570946] wlan0: associated
[95013.571107] cfg80211: Calling CRDA for country: CN
[95013.577179] cfg80211: Regulatory domain changed to country: CN
[95013.577186] cfg80211:   (start_freq - end_freq @ bandwidth), (max_antenna_gain, max_eirp)
[95013.577191] cfg80211:   (2402000 KHz - 2482000 KHz @ 40000 KHz), (N/A, 2000 mBm)
[95013.577194] cfg80211:   (5735000 KHz - 5835000 KHz @ 40000 KHz), (N/A, 3000 mBm)
[96056.488946] usb 2-1.1: USB disconnect, device number 4
[96056.669188] usb 2-1.1: new high-speed USB device number 5 using ehci_hcd
[96056.692429] hub 2-1:1.0: unable to enumerate USB device on port 1
[96056.922101] usb 2-1.1: new high-speed USB device number 6 using ehci_hcd
[96057.008324] usb 2-1.1: New USB device found, idVendor=2717, idProduct=f003
[96057.008333] usb 2-1.1: New USB device strings: Mfr=2, Product=3, SerialNumber=4
[96057.008339] usb 2-1.1: Product: MI 2
[96057.008343] usb 2-1.1: Manufacturer: Xiaomi
[96057.008347] usb 2-1.1: SerialNumber: 4e5e8b5
[96057.010013] scsi10 : usb-storage 2-1.1:1.1
[96057.256685] usb 2-1.1: USB disconnect, device number 6
[96057.434902] usb 2-1.1: new high-speed USB device number 7 using ehci_hcd
[96057.458375] hub 2-1:1.0: unable to enumerate USB device on port 1
[96058.713507] usb 2-1.1: new high-speed USB device number 8 using ehci_hcd
[96058.800122] usb 2-1.1: New USB device found, idVendor=2717, idProduct=f003
[96058.800133] usb 2-1.1: New USB device strings: Mfr=2, Product=3, SerialNumber=4
[96058.800138] usb 2-1.1: Product: MI 2
[96058.800143] usb 2-1.1: Manufacturer: Xiaomi
[96058.800147] usb 2-1.1: SerialNumber: 4e5e8b5
[96058.801981] scsi11 : usb-storage 2-1.1:1.1
[102239.470720] cfg80211: Calling CRDA to update world regulatory domain
[102239.476992] cfg80211: World regulatory domain updated:
[102239.476999] cfg80211:   (start_freq - end_freq @ bandwidth), (max_antenna_gain, max_eirp)
[102239.477004] cfg80211:   (2402000 KHz - 2472000 KHz @ 40000 KHz), (300 mBi, 2000 mBm)
[102239.477008] cfg80211:   (2457000 KHz - 2482000 KHz @ 20000 KHz), (300 mBi, 2000 mBm)
[102239.477011] cfg80211:   (2474000 KHz - 2494000 KHz @ 20000 KHz), (300 mBi, 2000 mBm)
[102239.477015] cfg80211:   (5170000 KHz - 5250000 KHz @ 40000 KHz), (300 mBi, 2000 mBm)
[102239.477018] cfg80211:   (5735000 KHz - 5835000 KHz @ 40000 KHz), (300 mBi, 2000 mBm)
[102239.477044] cfg80211: Calling CRDA for country: CN
[102239.483805] cfg80211: Regulatory domain changed to country: CN
[102239.483811] cfg80211:   (start_freq - end_freq @ bandwidth), (max_antenna_gain, max_eirp)
[102239.483816] cfg80211:   (2402000 KHz - 2482000 KHz @ 40000 KHz), (N/A, 2000 mBm)
[102239.483819] cfg80211:   (5735000 KHz - 5835000 KHz @ 40000 KHz), (N/A, 3000 mBm)
[102240.737121] wlan0: authenticate with 00:1c:f6:62:f3:e1
[102240.739723] wlan0: send auth to 00:1c:f6:62:f3:e1 (try 1/3)
[102240.743754] wlan0: authenticated
[102240.745158] wlan0: associate with 00:1c:f6:62:f3:e1 (try 1/3)
[102240.757916] wlan0: RX AssocResp from 00:1c:f6:62:f3:e1 (capab=0x31 status=0 aid=15)
[102240.761627] wlan0: associated
[102240.761717] cfg80211: Calling CRDA for country: CN
[102240.766862] cfg80211: Regulatory domain changed to country: CN
[102240.766869] cfg80211:   (start_freq - end_freq @ bandwidth), (max_antenna_gain, max_eirp)
[102240.766873] cfg80211:   (2402000 KHz - 2482000 KHz @ 40000 KHz), (N/A, 2000 mBm)
[102240.766877] cfg80211:   (5735000 KHz - 5835000 KHz @ 40000 KHz), (N/A, 3000 mBm)
[103478.072984] wlan0: deauthenticated from 00:1c:f6:62:f3:e1 (Reason: 15)
[103478.102117] cfg80211: Calling CRDA to update world regulatory domain
[103478.108396] cfg80211: World regulatory domain updated:
[103478.108402] cfg80211:   (start_freq - end_freq @ bandwidth), (max_antenna_gain, max_eirp)
[103478.108407] cfg80211:   (2402000 KHz - 2472000 KHz @ 40000 KHz), (300 mBi, 2000 mBm)
[103478.108411] cfg80211:   (2457000 KHz - 2482000 KHz @ 20000 KHz), (300 mBi, 2000 mBm)
[103478.108414] cfg80211:   (2474000 KHz - 2494000 KHz @ 20000 KHz), (300 mBi, 2000 mBm)
[103478.108417] cfg80211:   (5170000 KHz - 5250000 KHz @ 40000 KHz), (300 mBi, 2000 mBm)
[103478.108420] cfg80211:   (5735000 KHz - 5835000 KHz @ 40000 KHz), (300 mBi, 2000 mBm)
[103478.108447] cfg80211: Calling CRDA for country: CN
[103478.114780] cfg80211: Regulatory domain changed to country: CN
[103478.114787] cfg80211:   (start_freq - end_freq @ bandwidth), (max_antenna_gain, max_eirp)
[103478.114792] cfg80211:   (2402000 KHz - 2482000 KHz @ 40000 KHz), (N/A, 2000 mBm)
[103478.114796] cfg80211:   (5735000 KHz - 5835000 KHz @ 40000 KHz), (N/A, 3000 mBm)
[103479.411895] wlan0: authenticate with 00:1c:f6:62:f3:e1
[103479.435826] wlan0: send auth to 00:1c:f6:62:f3:e1 (try 1/3)
[103479.446429] wlan0: authenticated
[103479.447502] wlan0: associate with 00:1c:f6:62:f3:e1 (try 1/3)
[103479.455948] wlan0: RX AssocResp from 00:1c:f6:62:f3:e1 (capab=0x31 status=0 aid=15)
[103479.459086] wlan0: associated
[103479.459235] cfg80211: Calling CRDA for country: CN
[103479.465499] cfg80211: Regulatory domain changed to country: CN
[103479.465506] cfg80211:   (start_freq - end_freq @ bandwidth), (max_antenna_gain, max_eirp)
[103479.465511] cfg80211:   (2402000 KHz - 2482000 KHz @ 40000 KHz), (N/A, 2000 mBm)
[103479.465515] cfg80211:   (5735000 KHz - 5835000 KHz @ 40000 KHz), (N/A, 3000 mBm)
[104166.927841] cfg80211: Calling CRDA to update world regulatory domain
[104166.934063] cfg80211: World regulatory domain updated:
[104166.934071] cfg80211:   (start_freq - end_freq @ bandwidth), (max_antenna_gain, max_eirp)
